Archive member included because of file (symbol)

e:/iti embedd sys/02- avr interfacing/000-tools/01- imt sdk-20230731t064320z-001/01- imt sdk/imt_sdk_win_64/imt_sdk_win_64/winavr/bin/../lib/gcc/avr/4.3.3/avr5\libgcc.a(_udivmodqi4.o)
                              ./main.o (__udivmodqi4)
e:/iti embedd sys/02- avr interfacing/000-tools/01- imt sdk-20230731t064320z-001/01- imt sdk/imt_sdk_win_64/imt_sdk_win_64/winavr/bin/../lib/gcc/avr/4.3.3/avr5\libgcc.a(_exit.o)
                              e:/iti embedd sys/02- avr interfacing/000-tools/01- imt sdk-20230731t064320z-001/01- imt sdk/imt_sdk_win_64/imt_sdk_win_64/winavr/bin/../lib/gcc/avr/4.3.3/../../../../avr/lib/avr5/crtm32.o (exit)
e:/iti embedd sys/02- avr interfacing/000-tools/01- imt sdk-20230731t064320z-001/01- imt sdk/imt_sdk_win_64/imt_sdk_win_64/winavr/bin/../lib/gcc/avr/4.3.3/avr5\libgcc.a(_copy_data.o)
                              ./H7SEG_program.o (__do_copy_data)
e:/iti embedd sys/02- avr interfacing/000-tools/01- imt sdk-20230731t064320z-001/01- imt sdk/imt_sdk_win_64/imt_sdk_win_64/winavr/bin/../lib/gcc/avr/4.3.3/avr5\libgcc.a(_clear_bss.o)
                              ./main.o (__do_clear_bss)

Memory Configuration

Name             Origin             Length             Attributes
text             0x00000000         0x00020000         xr
data             0x00800060         0x0000ffa0         rw !x
eeprom           0x00810000         0x00010000         rw !x
fuse             0x00820000         0x00000400         rw !x
lock             0x00830000         0x00000400         rw !x
signature        0x00840000         0x00000400         rw !x
*default*        0x00000000         0xffffffff

Linker script and memory map

LOAD e:/iti embedd sys/02- avr interfacing/000-tools/01- imt sdk-20230731t064320z-001/01- imt sdk/imt_sdk_win_64/imt_sdk_win_64/winavr/bin/../lib/gcc/avr/4.3.3/../../../../avr/lib/avr5/crtm32.o
LOAD ./H7SEG_program.o
LOAD ./MDIO_program.o
LOAD ./MGIE_program.o
LOAD ./MTIMER_program.o
LOAD ./main.o
LOAD e:/iti embedd sys/02- avr interfacing/000-tools/01- imt sdk-20230731t064320z-001/01- imt sdk/imt_sdk_win_64/imt_sdk_win_64/winavr/bin/../lib/gcc/avr/4.3.3/avr5\libgcc.a
LOAD e:/iti embedd sys/02- avr interfacing/000-tools/01- imt sdk-20230731t064320z-001/01- imt sdk/imt_sdk_win_64/imt_sdk_win_64/winavr/bin/../lib/gcc/avr/4.3.3/../../../../avr/lib/avr5\libc.a
LOAD e:/iti embedd sys/02- avr interfacing/000-tools/01- imt sdk-20230731t064320z-001/01- imt sdk/imt_sdk_win_64/imt_sdk_win_64/winavr/bin/../lib/gcc/avr/4.3.3/avr5\libgcc.a

.hash
 *(.hash)

.dynsym
 *(.dynsym)

.dynstr
 *(.dynstr)

.gnu.version
 *(.gnu.version)

.gnu.version_d
 *(.gnu.version_d)

.gnu.version_r
 *(.gnu.version_r)

.rel.init
 *(.rel.init)

.rela.init
 *(.rela.init)

.rel.text
 *(.rel.text)
 *(.rel.text.*)
 *(.rel.gnu.linkonce.t*)

.rela.text
 *(.rela.text)
 *(.rela.text.*)
 *(.rela.gnu.linkonce.t*)

.rel.fini
 *(.rel.fini)

.rela.fini
 *(.rela.fini)

.rel.rodata
 *(.rel.rodata)
 *(.rel.rodata.*)
 *(.rel.gnu.linkonce.r*)

.rela.rodata
 *(.rela.rodata)
 *(.rela.rodata.*)
 *(.rela.gnu.linkonce.r*)

.rel.data
 *(.rel.data)
 *(.rel.data.*)
 *(.rel.gnu.linkonce.d*)

.rela.data
 *(.rela.data)
 *(.rela.data.*)
 *(.rela.gnu.linkonce.d*)

.rel.ctors
 *(.rel.ctors)

.rela.ctors
 *(.rela.ctors)

.rel.dtors
 *(.rel.dtors)

.rela.dtors
 *(.rela.dtors)

.rel.got
 *(.rel.got)

.rela.got
 *(.rela.got)

.rel.bss
 *(.rel.bss)

.rela.bss
 *(.rela.bss)

.rel.plt
 *(.rel.plt)

.rela.plt
 *(.rela.plt)

.text           0x00000000      0xd7a
 *(.vectors)
 .vectors       0x00000000       0x54 e:/iti embedd sys/02- avr interfacing/000-tools/01- imt sdk-20230731t064320z-001/01- imt sdk/imt_sdk_win_64/imt_sdk_win_64/winavr/bin/../lib/gcc/avr/4.3.3/../../../../avr/lib/avr5/crtm32.o
                0x00000000                __vectors
                0x00000000                __vector_default
 *(.vectors)
 *(.progmem.gcc*)
 *(.progmem*)
                0x00000054                . = ALIGN (0x2)
                0x00000054                __trampolines_start = .
 *(.trampolines)
 .trampolines   0x00000054        0x0 linker stubs
 *(.trampolines*)
                0x00000054                __trampolines_end = .
 *(.jumptables)
 *(.jumptables*)
 *(.lowtext)
 *(.lowtext*)
                0x00000054                __ctors_start = .
 *(.ctors)
                0x00000054                __ctors_end = .
                0x00000054                __dtors_start = .
 *(.dtors)
                0x00000054                __dtors_end = .
 SORT(*)(.ctors)
 SORT(*)(.dtors)
 *(.init0)
 .init0         0x00000054        0x0 e:/iti embedd sys/02- avr interfacing/000-tools/01- imt sdk-20230731t064320z-001/01- imt sdk/imt_sdk_win_64/imt_sdk_win_64/winavr/bin/../lib/gcc/avr/4.3.3/../../../../avr/lib/avr5/crtm32.o
                0x00000054                __init
 *(.init0)
 *(.init1)
 *(.init1)
 *(.init2)
 .init2         0x00000054        0xc e:/iti embedd sys/02- avr interfacing/000-tools/01- imt sdk-20230731t064320z-001/01- imt sdk/imt_sdk_win_64/imt_sdk_win_64/winavr/bin/../lib/gcc/avr/4.3.3/../../../../avr/lib/avr5/crtm32.o
 *(.init2)
 *(.init3)
 *(.init3)
 *(.init4)
 .init4         0x00000060       0x16 e:/iti embedd sys/02- avr interfacing/000-tools/01- imt sdk-20230731t064320z-001/01- imt sdk/imt_sdk_win_64/imt_sdk_win_64/winavr/bin/../lib/gcc/avr/4.3.3/avr5\libgcc.a(_copy_data.o)
                0x00000060                __do_copy_data
 .init4         0x00000076       0x10 e:/iti embedd sys/02- avr interfacing/000-tools/01- imt sdk-20230731t064320z-001/01- imt sdk/imt_sdk_win_64/imt_sdk_win_64/winavr/bin/../lib/gcc/avr/4.3.3/avr5\libgcc.a(_clear_bss.o)
                0x00000076                __do_clear_bss
 *(.init4)
 *(.init5)
 *(.init5)
 *(.init6)
 *(.init6)
 *(.init7)
 *(.init7)
 *(.init8)
 *(.init8)
 *(.init9)
 .init9         0x00000086        0x8 e:/iti embedd sys/02- avr interfacing/000-tools/01- imt sdk-20230731t064320z-001/01- imt sdk/imt_sdk_win_64/imt_sdk_win_64/winavr/bin/../lib/gcc/avr/4.3.3/../../../../avr/lib/avr5/crtm32.o
 *(.init9)
 *(.text)
 .text          0x0000008e        0x4 e:/iti embedd sys/02- avr interfacing/000-tools/01- imt sdk-20230731t064320z-001/01- imt sdk/imt_sdk_win_64/imt_sdk_win_64/winavr/bin/../lib/gcc/avr/4.3.3/../../../../avr/lib/avr5/crtm32.o
                0x0000008e                __vector_1
                0x0000008e                __vector_12
                0x0000008e                __bad_interrupt
                0x0000008e                __vector_6
                0x0000008e                __vector_3
                0x0000008e                __vector_11
                0x0000008e                __vector_13
                0x0000008e                __vector_17
                0x0000008e                __vector_19
                0x0000008e                __vector_7
                0x0000008e                __vector_5
                0x0000008e                __vector_4
                0x0000008e                __vector_9
                0x0000008e                __vector_2
                0x0000008e                __vector_15
                0x0000008e                __vector_8
                0x0000008e                __vector_14
                0x0000008e                __vector_16
                0x0000008e                __vector_18
                0x0000008e                __vector_20
 .text          0x00000092        0x0 ./H7SEG_program.o
 .text          0x00000092        0x0 ./MDIO_program.o
 .text          0x00000092        0x0 ./MGIE_program.o
 .text          0x00000092        0x0 ./MTIMER_program.o
 .text          0x00000092        0x0 ./main.o
 .text          0x00000092        0x0 e:/iti embedd sys/02- avr interfacing/000-tools/01- imt sdk-20230731t064320z-001/01- imt sdk/imt_sdk_win_64/imt_sdk_win_64/winavr/bin/../lib/gcc/avr/4.3.3/avr5\libgcc.a(_udivmodqi4.o)
 .text          0x00000092        0x0 e:/iti embedd sys/02- avr interfacing/000-tools/01- imt sdk-20230731t064320z-001/01- imt sdk/imt_sdk_win_64/imt_sdk_win_64/winavr/bin/../lib/gcc/avr/4.3.3/avr5\libgcc.a(_exit.o)
 .text          0x00000092        0x0 e:/iti embedd sys/02- avr interfacing/000-tools/01- imt sdk-20230731t064320z-001/01- imt sdk/imt_sdk_win_64/imt_sdk_win_64/winavr/bin/../lib/gcc/avr/4.3.3/avr5\libgcc.a(_copy_data.o)
 .text          0x00000092        0x0 e:/iti embedd sys/02- avr interfacing/000-tools/01- imt sdk-20230731t064320z-001/01- imt sdk/imt_sdk_win_64/imt_sdk_win_64/winavr/bin/../lib/gcc/avr/4.3.3/avr5\libgcc.a(_clear_bss.o)
                0x00000092                . = ALIGN (0x2)
 *(.text.*)
 .text.void_SegWrite
                0x00000092       0x90 ./H7SEG_program.o
                0x00000092                void_SegWrite
 .text.void_SegClear
                0x00000122       0x1c ./H7SEG_program.o
                0x00000122                void_SegClear
 .text.Port_voidInit
                0x0000013e       0x46 ./MDIO_program.o
                0x0000013e                Port_voidInit
 .text.MDIO_ErrorS_EnablePinPullUp
                0x00000184      0x122 ./MDIO_program.o
                0x00000184                MDIO_ErrorS_EnablePinPullUp
 .text.MDIO_voidSetPinDirection
                0x000002a6      0x204 ./MDIO_program.o
                0x000002a6                MDIO_voidSetPinDirection
 .text.MDIO_ErrorS_SetPinValue
                0x000004aa      0x21e ./MDIO_program.o
                0x000004aa                MDIO_ErrorS_SetPinValue
 .text.MDIO_ErrorS_GetPinValue
                0x000006c8      0x122 ./MDIO_program.o
                0x000006c8                MDIO_ErrorS_GetPinValue
 .text.MDIO_ErrorS_SetPortValue
                0x000007ea       0x92 ./MDIO_program.o
                0x000007ea                MDIO_ErrorS_SetPortValue
 .text.MDIO_ErrorS_GetPortValue
                0x0000087c       0xa6 ./MDIO_program.o
                0x0000087c                MDIO_ErrorS_GetPortValue
 .text.MDIO_ErrorS_TogPinValue
                0x00000922      0x10a ./MDIO_program.o
                0x00000922                MDIO_ErrorS_TogPinValue
 .text.MGIE_voidEnable
                0x00000a2c       0x1c ./MGIE_program.o
                0x00000a2c                MGIE_voidEnable
 .text.MGIE_voidDisable
                0x00000a48       0x1c ./MGIE_program.o
                0x00000a48                MGIE_voidDisable
 .text.MTIMER0_voidInit
                0x00000a64       0x6a ./MTIMER_program.o
                0x00000a64                MTIMER0_voidInit
 .text.MTIMER0_voidDisable
                0x00000ace       0x38 ./MTIMER_program.o
                0x00000ace                MTIMER0_voidDisable
 .text.MTIMER0_voidSetPreload
                0x00000b06       0x1c ./MTIMER_program.o
                0x00000b06                MTIMER0_voidSetPreload
 .text.main     0x00000b22      0x17a ./main.o
                0x00000b22                main
 .text.__vector_10
                0x00000c9c       0xc2 ./main.o
                0x00000c9c                __vector_10
 .text.libgcc   0x00000d5e       0x18 e:/iti embedd sys/02- avr interfacing/000-tools/01- imt sdk-20230731t064320z-001/01- imt sdk/imt_sdk_win_64/imt_sdk_win_64/winavr/bin/../lib/gcc/avr/4.3.3/avr5\libgcc.a(_udivmodqi4.o)
                0x00000d5e                __udivmodqi4
 .text.libgcc   0x00000d76        0x0 e:/iti embedd sys/02- avr interfacing/000-tools/01- imt sdk-20230731t064320z-001/01- imt sdk/imt_sdk_win_64/imt_sdk_win_64/winavr/bin/../lib/gcc/avr/4.3.3/avr5\libgcc.a(_exit.o)
 .text.libgcc   0x00000d76        0x0 e:/iti embedd sys/02- avr interfacing/000-tools/01- imt sdk-20230731t064320z-001/01- imt sdk/imt_sdk_win_64/imt_sdk_win_64/winavr/bin/../lib/gcc/avr/4.3.3/avr5\libgcc.a(_copy_data.o)
 .text.libgcc   0x00000d76        0x0 e:/iti embedd sys/02- avr interfacing/000-tools/01- imt sdk-20230731t064320z-001/01- imt sdk/imt_sdk_win_64/imt_sdk_win_64/winavr/bin/../lib/gcc/avr/4.3.3/avr5\libgcc.a(_clear_bss.o)
                0x00000d76                . = ALIGN (0x2)
 *(.fini9)
 .fini9         0x00000d76        0x0 e:/iti embedd sys/02- avr interfacing/000-tools/01- imt sdk-20230731t064320z-001/01- imt sdk/imt_sdk_win_64/imt_sdk_win_64/winavr/bin/../lib/gcc/avr/4.3.3/avr5\libgcc.a(_exit.o)
                0x00000d76                exit
                0x00000d76                _exit
 *(.fini9)
 *(.fini8)
 *(.fini8)
 *(.fini7)
 *(.fini7)
 *(.fini6)
 *(.fini6)
 *(.fini5)
 *(.fini5)
 *(.fini4)
 *(.fini4)
 *(.fini3)
 *(.fini3)
 *(.fini2)
 *(.fini2)
 *(.fini1)
 *(.fini1)
 *(.fini0)
 .fini0         0x00000d76        0x4 e:/iti embedd sys/02- avr interfacing/000-tools/01- imt sdk-20230731t064320z-001/01- imt sdk/imt_sdk_win_64/imt_sdk_win_64/winavr/bin/../lib/gcc/avr/4.3.3/avr5\libgcc.a(_exit.o)
 *(.fini0)
                0x00000d7a                _etext = .

.data           0x00800060       0x14 load address 0x00000d7a
                0x00800060                PROVIDE (__data_start, .)
 *(.data)
 .data          0x00800060        0x0 e:/iti embedd sys/02- avr interfacing/000-tools/01- imt sdk-20230731t064320z-001/01- imt sdk/imt_sdk_win_64/imt_sdk_win_64/winavr/bin/../lib/gcc/avr/4.3.3/../../../../avr/lib/avr5/crtm32.o
 .data          0x00800060        0x0 ./H7SEG_program.o
 .data          0x00800060        0x0 ./MDIO_program.o
 .data          0x00800060        0x0 ./MGIE_program.o
 .data          0x00800060        0x0 ./MTIMER_program.o
 .data          0x00800060        0x0 ./main.o
 .data          0x00800060        0x0 e:/iti embedd sys/02- avr interfacing/000-tools/01- imt sdk-20230731t064320z-001/01- imt sdk/imt_sdk_win_64/imt_sdk_win_64/winavr/bin/../lib/gcc/avr/4.3.3/avr5\libgcc.a(_udivmodqi4.o)
 .data          0x00800060        0x0 e:/iti embedd sys/02- avr interfacing/000-tools/01- imt sdk-20230731t064320z-001/01- imt sdk/imt_sdk_win_64/imt_sdk_win_64/winavr/bin/../lib/gcc/avr/4.3.3/avr5\libgcc.a(_exit.o)
 .data          0x00800060        0x0 e:/iti embedd sys/02- avr interfacing/000-tools/01- imt sdk-20230731t064320z-001/01- imt sdk/imt_sdk_win_64/imt_sdk_win_64/winavr/bin/../lib/gcc/avr/4.3.3/avr5\libgcc.a(_copy_data.o)
 .data          0x00800060        0x0 e:/iti embedd sys/02- avr interfacing/000-tools/01- imt sdk-20230731t064320z-001/01- imt sdk/imt_sdk_win_64/imt_sdk_win_64/winavr/bin/../lib/gcc/avr/4.3.3/avr5\libgcc.a(_clear_bss.o)
 *(.data*)
 *(.rodata)
 *(.rodata*)
 .rodata.C.0.1228
                0x00800060       0x14 ./H7SEG_program.o
 *(.gnu.linkonce.d*)
                0x00800074                . = ALIGN (0x2)
                0x00800074                _edata = .
                0x00800074                PROVIDE (__data_end, .)

.bss            0x00800074        0x5
                0x00800074                PROVIDE (__bss_start, .)
 *(.bss)
 .bss           0x00800074        0x0 e:/iti embedd sys/02- avr interfacing/000-tools/01- imt sdk-20230731t064320z-001/01- imt sdk/imt_sdk_win_64/imt_sdk_win_64/winavr/bin/../lib/gcc/avr/4.3.3/../../../../avr/lib/avr5/crtm32.o
 .bss           0x00800074        0x0 ./H7SEG_program.o
 .bss           0x00800074        0x0 ./MDIO_program.o
 .bss           0x00800074        0x0 ./MGIE_program.o
 .bss           0x00800074        0x0 ./MTIMER_program.o
 .bss           0x00800074        0x0 ./main.o
 .bss           0x00800074        0x0 e:/iti embedd sys/02- avr interfacing/000-tools/01- imt sdk-20230731t064320z-001/01- imt sdk/imt_sdk_win_64/imt_sdk_win_64/winavr/bin/../lib/gcc/avr/4.3.3/avr5\libgcc.a(_udivmodqi4.o)
 .bss           0x00800074        0x0 e:/iti embedd sys/02- avr interfacing/000-tools/01- imt sdk-20230731t064320z-001/01- imt sdk/imt_sdk_win_64/imt_sdk_win_64/winavr/bin/../lib/gcc/avr/4.3.3/avr5\libgcc.a(_exit.o)
 .bss           0x00800074        0x0 e:/iti embedd sys/02- avr interfacing/000-tools/01- imt sdk-20230731t064320z-001/01- imt sdk/imt_sdk_win_64/imt_sdk_win_64/winavr/bin/../lib/gcc/avr/4.3.3/avr5\libgcc.a(_copy_data.o)
 .bss           0x00800074        0x0 e:/iti embedd sys/02- avr interfacing/000-tools/01- imt sdk-20230731t064320z-001/01- imt sdk/imt_sdk_win_64/imt_sdk_win_64/winavr/bin/../lib/gcc/avr/4.3.3/avr5\libgcc.a(_clear_bss.o)
 *(.bss*)
 .bss.sec       0x00800074        0x1 ./main.o
                0x00800074                sec
 .bss.min       0x00800075        0x1 ./main.o
                0x00800075                min
 .bss.hrs       0x00800076        0x1 ./main.o
                0x00800076                hrs
 .bss.counter   0x00800077        0x2 ./main.o
                0x00800077                counter
 *(COMMON)
                0x00800079                PROVIDE (__bss_end, .)
                0x00000d7a                __data_load_start = LOADADDR (.data)
                0x00000d8e                __data_load_end = (__data_load_start + SIZEOF (.data))

.noinit         0x00800079        0x0
                0x00800079                PROVIDE (__noinit_start, .)
 *(.noinit*)
                0x00800079                PROVIDE (__noinit_end, .)
                0x00800079                _end = .
                0x00800079                PROVIDE (__heap_start, .)

.eeprom         0x00810000        0x0
 *(.eeprom*)
                0x00810000                __eeprom_end = .

.fuse
 *(.fuse)
 *(.lfuse)
 *(.hfuse)
 *(.efuse)

.lock
 *(.lock*)

.signature
 *(.signature*)

.stab           0x00000000     0x12a8
 *(.stab)
 .stab          0x00000000      0x240 ./H7SEG_program.o
 .stab          0x00000240      0x78c ./MDIO_program.o
                                0x834 (size before relaxing)
 .stab          0x000009cc      0x144 ./MGIE_program.o
                                0x1ec (size before relaxing)
 .stab          0x00000b10      0x1e0 ./MTIMER_program.o
                                0x288 (size before relaxing)
 .stab          0x00000cf0      0x5b8 ./main.o
                                0x660 (size before relaxing)

.stabstr        0x00000000      0xbbe
 *(.stabstr)
 .stabstr       0x00000000      0xbbe ./H7SEG_program.o

.stab.excl
 *(.stab.excl)

.stab.exclstr
 *(.stab.exclstr)

.stab.index
 *(.stab.index)

.stab.indexstr
 *(.stab.indexstr)

.comment
 *(.comment)

.debug
 *(.debug)

.line
 *(.line)

.debug_srcinfo
 *(.debug_srcinfo)

.debug_sfnames
 *(.debug_sfnames)

.debug_aranges
 *(.debug_aranges)

.debug_pubnames
 *(.debug_pubnames)

.debug_info
 *(.debug_info)
 *(.gnu.linkonce.wi.*)

.debug_abbrev
 *(.debug_abbrev)

.debug_line
 *(.debug_line)

.debug_frame
 *(.debug_frame)

.debug_str
 *(.debug_str)

.debug_loc
 *(.debug_loc)

.debug_macinfo
 *(.debug_macinfo)
OUTPUT(0013_StopWatch.elf elf32-avr)
LOAD linker stubs
