Archive member included because of file (symbol)

e:/iti embedd sys/02- avr interfacing/000-tools/01- imt sdk-20230731t064320z-001/01- imt sdk/imt_sdk_win_64/imt_sdk_win_64/winavr/bin/../lib/gcc/avr/4.3.3/avr5\libgcc.a(_udivmodqi4.o)
                              ./smart_home.o (__udivmodqi4)
e:/iti embedd sys/02- avr interfacing/000-tools/01- imt sdk-20230731t064320z-001/01- imt sdk/imt_sdk_win_64/imt_sdk_win_64/winavr/bin/../lib/gcc/avr/4.3.3/avr5\libgcc.a(_exit.o)
                              e:/iti embedd sys/02- avr interfacing/000-tools/01- imt sdk-20230731t064320z-001/01- imt sdk/imt_sdk_win_64/imt_sdk_win_64/winavr/bin/../lib/gcc/avr/4.3.3/../../../../avr/lib/avr5/crtm32.o (exit)
e:/iti embedd sys/02- avr interfacing/000-tools/01- imt sdk-20230731t064320z-001/01- imt sdk/imt_sdk_win_64/imt_sdk_win_64/winavr/bin/../lib/gcc/avr/4.3.3/avr5\libgcc.a(_copy_data.o)
                              ./HKeyPad_Program.o (__do_copy_data)
e:/iti embedd sys/02- avr interfacing/000-tools/01- imt sdk-20230731t064320z-001/01- imt sdk/imt_sdk_win_64/imt_sdk_win_64/winavr/bin/../lib/gcc/avr/4.3.3/avr5\libgcc.a(_clear_bss.o)
                              ./MTIMER_program.o (__do_clear_bss)
e:/iti embedd sys/02- avr interfacing/000-tools/01- imt sdk-20230731t064320z-001/01- imt sdk/imt_sdk_win_64/imt_sdk_win_64/winavr/bin/../lib/gcc/avr/4.3.3/avr5\libgcc.a(_fixunssfsi.o)
                              ./HEEPROM_program.o (__fixunssfsi)
e:/iti embedd sys/02- avr interfacing/000-tools/01- imt sdk-20230731t064320z-001/01- imt sdk/imt_sdk_win_64/imt_sdk_win_64/winavr/bin/../lib/gcc/avr/4.3.3/avr5\libgcc.a(_addsub_sf.o)
                              e:/iti embedd sys/02- avr interfacing/000-tools/01- imt sdk-20230731t064320z-001/01- imt sdk/imt_sdk_win_64/imt_sdk_win_64/winavr/bin/../lib/gcc/avr/4.3.3/avr5\libgcc.a(_fixunssfsi.o) (__subsf3)
e:/iti embedd sys/02- avr interfacing/000-tools/01- imt sdk-20230731t064320z-001/01- imt sdk/imt_sdk_win_64/imt_sdk_win_64/winavr/bin/../lib/gcc/avr/4.3.3/avr5\libgcc.a(_mul_sf.o)
                              ./HEEPROM_program.o (__mulsf3)
e:/iti embedd sys/02- avr interfacing/000-tools/01- imt sdk-20230731t064320z-001/01- imt sdk/imt_sdk_win_64/imt_sdk_win_64/winavr/bin/../lib/gcc/avr/4.3.3/avr5\libgcc.a(_div_sf.o)
                              ./HLCD_program.o (__divsf3)
e:/iti embedd sys/02- avr interfacing/000-tools/01- imt sdk-20230731t064320z-001/01- imt sdk/imt_sdk_win_64/imt_sdk_win_64/winavr/bin/../lib/gcc/avr/4.3.3/avr5\libgcc.a(_gt_sf.o)
                              ./HEEPROM_program.o (__gtsf2)
e:/iti embedd sys/02- avr interfacing/000-tools/01- imt sdk-20230731t064320z-001/01- imt sdk/imt_sdk_win_64/imt_sdk_win_64/winavr/bin/../lib/gcc/avr/4.3.3/avr5\libgcc.a(_ge_sf.o)
                              e:/iti embedd sys/02- avr interfacing/000-tools/01- imt sdk-20230731t064320z-001/01- imt sdk/imt_sdk_win_64/imt_sdk_win_64/winavr/bin/../lib/gcc/avr/4.3.3/avr5\libgcc.a(_fixunssfsi.o) (__gesf2)
e:/iti embedd sys/02- avr interfacing/000-tools/01- imt sdk-20230731t064320z-001/01- imt sdk/imt_sdk_win_64/imt_sdk_win_64/winavr/bin/../lib/gcc/avr/4.3.3/avr5\libgcc.a(_lt_sf.o)
                              ./HEEPROM_program.o (__ltsf2)
e:/iti embedd sys/02- avr interfacing/000-tools/01- imt sdk-20230731t064320z-001/01- imt sdk/imt_sdk_win_64/imt_sdk_win_64/winavr/bin/../lib/gcc/avr/4.3.3/avr5\libgcc.a(_si_to_sf.o)
                              ./MADC_program.o (__floatsisf)
e:/iti embedd sys/02- avr interfacing/000-tools/01- imt sdk-20230731t064320z-001/01- imt sdk/imt_sdk_win_64/imt_sdk_win_64/winavr/bin/../lib/gcc/avr/4.3.3/avr5\libgcc.a(_sf_to_si.o)
                              ./MADC_program.o (__fixsfsi)
e:/iti embedd sys/02- avr interfacing/000-tools/01- imt sdk-20230731t064320z-001/01- imt sdk/imt_sdk_win_64/imt_sdk_win_64/winavr/bin/../lib/gcc/avr/4.3.3/avr5\libgcc.a(_thenan_sf.o)
                              e:/iti embedd sys/02- avr interfacing/000-tools/01- imt sdk-20230731t064320z-001/01- imt sdk/imt_sdk_win_64/imt_sdk_win_64/winavr/bin/../lib/gcc/avr/4.3.3/avr5\libgcc.a(_addsub_sf.o) (__thenan_sf)
e:/iti embedd sys/02- avr interfacing/000-tools/01- imt sdk-20230731t064320z-001/01- imt sdk/imt_sdk_win_64/imt_sdk_win_64/winavr/bin/../lib/gcc/avr/4.3.3/avr5\libgcc.a(_usi_to_sf.o)
                              ./MADC_program.o (__floatunsisf)
e:/iti embedd sys/02- avr interfacing/000-tools/01- imt sdk-20230731t064320z-001/01- imt sdk/imt_sdk_win_64/imt_sdk_win_64/winavr/bin/../lib/gcc/avr/4.3.3/avr5\libgcc.a(_prologue.o)
                              e:/iti embedd sys/02- avr interfacing/000-tools/01- imt sdk-20230731t064320z-001/01- imt sdk/imt_sdk_win_64/imt_sdk_win_64/winavr/bin/../lib/gcc/avr/4.3.3/avr5\libgcc.a(_addsub_sf.o) (__prologue_saves__)
e:/iti embedd sys/02- avr interfacing/000-tools/01- imt sdk-20230731t064320z-001/01- imt sdk/imt_sdk_win_64/imt_sdk_win_64/winavr/bin/../lib/gcc/avr/4.3.3/avr5\libgcc.a(_epilogue.o)
                              e:/iti embedd sys/02- avr interfacing/000-tools/01- imt sdk-20230731t064320z-001/01- imt sdk/imt_sdk_win_64/imt_sdk_win_64/winavr/bin/../lib/gcc/avr/4.3.3/avr5\libgcc.a(_addsub_sf.o) (__epilogue_restores__)
e:/iti embedd sys/02- avr interfacing/000-tools/01- imt sdk-20230731t064320z-001/01- imt sdk/imt_sdk_win_64/imt_sdk_win_64/winavr/bin/../lib/gcc/avr/4.3.3/avr5\libgcc.a(_clzsi2.o)
                              e:/iti embedd sys/02- avr interfacing/000-tools/01- imt sdk-20230731t064320z-001/01- imt sdk/imt_sdk_win_64/imt_sdk_win_64/winavr/bin/../lib/gcc/avr/4.3.3/avr5\libgcc.a(_si_to_sf.o) (__clzsi2)
e:/iti embedd sys/02- avr interfacing/000-tools/01- imt sdk-20230731t064320z-001/01- imt sdk/imt_sdk_win_64/imt_sdk_win_64/winavr/bin/../lib/gcc/avr/4.3.3/avr5\libgcc.a(_pack_sf.o)
                              e:/iti embedd sys/02- avr interfacing/000-tools/01- imt sdk-20230731t064320z-001/01- imt sdk/imt_sdk_win_64/imt_sdk_win_64/winavr/bin/../lib/gcc/avr/4.3.3/avr5\libgcc.a(_addsub_sf.o) (__pack_f)
e:/iti embedd sys/02- avr interfacing/000-tools/01- imt sdk-20230731t064320z-001/01- imt sdk/imt_sdk_win_64/imt_sdk_win_64/winavr/bin/../lib/gcc/avr/4.3.3/avr5\libgcc.a(_unpack_sf.o)
                              e:/iti embedd sys/02- avr interfacing/000-tools/01- imt sdk-20230731t064320z-001/01- imt sdk/imt_sdk_win_64/imt_sdk_win_64/winavr/bin/../lib/gcc/avr/4.3.3/avr5\libgcc.a(_addsub_sf.o) (__unpack_f)
e:/iti embedd sys/02- avr interfacing/000-tools/01- imt sdk-20230731t064320z-001/01- imt sdk/imt_sdk_win_64/imt_sdk_win_64/winavr/bin/../lib/gcc/avr/4.3.3/avr5\libgcc.a(_fpcmp_parts_sf.o)
                              e:/iti embedd sys/02- avr interfacing/000-tools/01- imt sdk-20230731t064320z-001/01- imt sdk/imt_sdk_win_64/imt_sdk_win_64/winavr/bin/../lib/gcc/avr/4.3.3/avr5\libgcc.a(_gt_sf.o) (__fpcmp_parts_f)
e:/iti embedd sys/02- avr interfacing/000-tools/01- imt sdk-20230731t064320z-001/01- imt sdk/imt_sdk_win_64/imt_sdk_win_64/winavr/bin/../lib/gcc/avr/4.3.3/avr5\libgcc.a(_clz.o)
                              e:/iti embedd sys/02- avr interfacing/000-tools/01- imt sdk-20230731t064320z-001/01- imt sdk/imt_sdk_win_64/imt_sdk_win_64/winavr/bin/../lib/gcc/avr/4.3.3/avr5\libgcc.a(_clzsi2.o) (__clz_tab)
e:/iti embedd sys/02- avr interfacing/000-tools/01- imt sdk-20230731t064320z-001/01- imt sdk/imt_sdk_win_64/imt_sdk_win_64/winavr/bin/../lib/gcc/avr/4.3.3/../../../../avr/lib/avr5\libc.a(itoa.o)
                              ./HLCD_program.o (itoa)
e:/iti embedd sys/02- avr interfacing/000-tools/01- imt sdk-20230731t064320z-001/01- imt sdk/imt_sdk_win_64/imt_sdk_win_64/winavr/bin/../lib/gcc/avr/4.3.3/../../../../avr/lib/avr5\libc.a(strrev.o)
                              e:/iti embedd sys/02- avr interfacing/000-tools/01- imt sdk-20230731t064320z-001/01- imt sdk/imt_sdk_win_64/imt_sdk_win_64/winavr/bin/../lib/gcc/avr/4.3.3/../../../../avr/lib/avr5\libc.a(itoa.o) (strrev)
e:/iti embedd sys/02- avr interfacing/000-tools/01- imt sdk-20230731t064320z-001/01- imt sdk/imt_sdk_win_64/imt_sdk_win_64/winavr/bin/../lib/gcc/avr/4.3.3/avr5\libgcc.a(_udivmodhi4.o)
                              e:/iti embedd sys/02- avr interfacing/000-tools/01- imt sdk-20230731t064320z-001/01- imt sdk/imt_sdk_win_64/imt_sdk_win_64/winavr/bin/../lib/gcc/avr/4.3.3/../../../../avr/lib/avr5\libc.a(itoa.o) (__udivmodhi4)

Allocating common symbols
Common symbol       size              file

callBackTimer0      0x2               ./MTIMER_program.o

Memory Configuration

Name             Origin             Length             Attributes
text             0x00000000         0x00020000         xr
data             0x00800060         0x0000ffa0         rw !x
eeprom           0x00810000         0x00010000         rw !x
fuse             0x00820000         0x00000400         rw !x
lock             0x00830000         0x00000400         rw !x
signature        0x00840000         0x00000400         rw !x
*default*        0x00000000         0xffffffff

Linker script and memory map

LOAD e:/iti embedd sys/02- avr interfacing/000-tools/01- imt sdk-20230731t064320z-001/01- imt sdk/imt_sdk_win_64/imt_sdk_win_64/winavr/bin/../lib/gcc/avr/4.3.3/../../../../avr/lib/avr5/crtm32.o
LOAD ./HEEPROM_program.o
LOAD ./HKeyPad_Program.o
LOAD ./HLCD_program.o
LOAD ./HLDR_program.o
LOAD ./HLM53_program.o
LOAD ./MADC_program.o
LOAD ./MDIO_program.o
LOAD ./MGIE_program.o
LOAD ./MSPI_program.o
LOAD ./MTIMER_program.o
LOAD ./MTWI_program.o
LOAD ./MUART_program.o
LOAD ./comonFunctions.o
LOAD ./main.o
LOAD ./smart_home.o
LOAD e:/iti embedd sys/02- avr interfacing/000-tools/01- imt sdk-20230731t064320z-001/01- imt sdk/imt_sdk_win_64/imt_sdk_win_64/winavr/bin/../lib/gcc/avr/4.3.3/avr5\libgcc.a
LOAD e:/iti embedd sys/02- avr interfacing/000-tools/01- imt sdk-20230731t064320z-001/01- imt sdk/imt_sdk_win_64/imt_sdk_win_64/winavr/bin/../lib/gcc/avr/4.3.3/../../../../avr/lib/avr5\libc.a
LOAD e:/iti embedd sys/02- avr interfacing/000-tools/01- imt sdk-20230731t064320z-001/01- imt sdk/imt_sdk_win_64/imt_sdk_win_64/winavr/bin/../lib/gcc/avr/4.3.3/avr5\libgcc.a

.hash
 *(.hash)

.dynsym
 *(.dynsym)

.dynstr
 *(.dynstr)

.gnu.version
 *(.gnu.version)

.gnu.version_d
 *(.gnu.version_d)

.gnu.version_r
 *(.gnu.version_r)

.rel.init
 *(.rel.init)

.rela.init
 *(.rela.init)

.rel.text
 *(.rel.text)
 *(.rel.text.*)
 *(.rel.gnu.linkonce.t*)

.rela.text
 *(.rela.text)
 *(.rela.text.*)
 *(.rela.gnu.linkonce.t*)

.rel.fini
 *(.rel.fini)

.rela.fini
 *(.rela.fini)

.rel.rodata
 *(.rel.rodata)
 *(.rel.rodata.*)
 *(.rel.gnu.linkonce.r*)

.rela.rodata
 *(.rela.rodata)
 *(.rela.rodata.*)
 *(.rela.gnu.linkonce.r*)

.rel.data
 *(.rel.data)
 *(.rel.data.*)
 *(.rel.gnu.linkonce.d*)

.rela.data
 *(.rela.data)
 *(.rela.data.*)
 *(.rela.gnu.linkonce.d*)

.rel.ctors
 *(.rel.ctors)

.rela.ctors
 *(.rela.ctors)

.rel.dtors
 *(.rel.dtors)

.rela.dtors
 *(.rela.dtors)

.rel.got
 *(.rel.got)

.rela.got
 *(.rela.got)

.rel.bss
 *(.rel.bss)

.rela.bss
 *(.rela.bss)

.rel.plt
 *(.rel.plt)

.rela.plt
 *(.rela.plt)

.text           0x00000000     0x571a
 *(.vectors)
 .vectors       0x00000000       0x54 e:/iti embedd sys/02- avr interfacing/000-tools/01- imt sdk-20230731t064320z-001/01- imt sdk/imt_sdk_win_64/imt_sdk_win_64/winavr/bin/../lib/gcc/avr/4.3.3/../../../../avr/lib/avr5/crtm32.o
                0x00000000                __vectors
                0x00000000                __vector_default
 *(.vectors)
 *(.progmem.gcc*)
 *(.progmem*)
                0x00000054                . = ALIGN (0x2)
                0x00000054                __trampolines_start = .
 *(.trampolines)
 .trampolines   0x00000054        0x0 linker stubs
 *(.trampolines*)
                0x00000054                __trampolines_end = .
 *(.jumptables)
 *(.jumptables*)
 *(.lowtext)
 *(.lowtext*)
                0x00000054                __ctors_start = .
 *(.ctors)
                0x00000054                __ctors_end = .
                0x00000054                __dtors_start = .
 *(.dtors)
                0x00000054                __dtors_end = .
 SORT(*)(.ctors)
 SORT(*)(.dtors)
 *(.init0)
 .init0         0x00000054        0x0 e:/iti embedd sys/02- avr interfacing/000-tools/01- imt sdk-20230731t064320z-001/01- imt sdk/imt_sdk_win_64/imt_sdk_win_64/winavr/bin/../lib/gcc/avr/4.3.3/../../../../avr/lib/avr5/crtm32.o
                0x00000054                __init
 *(.init0)
 *(.init1)
 *(.init1)
 *(.init2)
 .init2         0x00000054        0xc e:/iti embedd sys/02- avr interfacing/000-tools/01- imt sdk-20230731t064320z-001/01- imt sdk/imt_sdk_win_64/imt_sdk_win_64/winavr/bin/../lib/gcc/avr/4.3.3/../../../../avr/lib/avr5/crtm32.o
 *(.init2)
 *(.init3)
 *(.init3)
 *(.init4)
 .init4         0x00000060       0x16 e:/iti embedd sys/02- avr interfacing/000-tools/01- imt sdk-20230731t064320z-001/01- imt sdk/imt_sdk_win_64/imt_sdk_win_64/winavr/bin/../lib/gcc/avr/4.3.3/avr5\libgcc.a(_copy_data.o)
                0x00000060                __do_copy_data
 .init4         0x00000076       0x10 e:/iti embedd sys/02- avr interfacing/000-tools/01- imt sdk-20230731t064320z-001/01- imt sdk/imt_sdk_win_64/imt_sdk_win_64/winavr/bin/../lib/gcc/avr/4.3.3/avr5\libgcc.a(_clear_bss.o)
                0x00000076                __do_clear_bss
 *(.init4)
 *(.init5)
 *(.init5)
 *(.init6)
 *(.init6)
 *(.init7)
 *(.init7)
 *(.init8)
 *(.init8)
 *(.init9)
 .init9         0x00000086        0x8 e:/iti embedd sys/02- avr interfacing/000-tools/01- imt sdk-20230731t064320z-001/01- imt sdk/imt_sdk_win_64/imt_sdk_win_64/winavr/bin/../lib/gcc/avr/4.3.3/../../../../avr/lib/avr5/crtm32.o
 *(.init9)
 *(.text)
 .text          0x0000008e        0x4 e:/iti embedd sys/02- avr interfacing/000-tools/01- imt sdk-20230731t064320z-001/01- imt sdk/imt_sdk_win_64/imt_sdk_win_64/winavr/bin/../lib/gcc/avr/4.3.3/../../../../avr/lib/avr5/crtm32.o
                0x0000008e                __vector_1
                0x0000008e                __vector_12
                0x0000008e                __bad_interrupt
                0x0000008e                __vector_6
                0x0000008e                __vector_3
                0x0000008e                __vector_13
                0x0000008e                __vector_17
                0x0000008e                __vector_19
                0x0000008e                __vector_7
                0x0000008e                __vector_5
                0x0000008e                __vector_4
                0x0000008e                __vector_9
                0x0000008e                __vector_2
                0x0000008e                __vector_15
                0x0000008e                __vector_8
                0x0000008e                __vector_14
                0x0000008e                __vector_10
                0x0000008e                __vector_16
                0x0000008e                __vector_18
                0x0000008e                __vector_20
 .text          0x00000092        0x0 ./HEEPROM_program.o
 .text          0x00000092        0x0 ./HKeyPad_Program.o
 .text          0x00000092        0x0 ./HLCD_program.o
 .text          0x00000092        0x0 ./HLDR_program.o
 .text          0x00000092        0x0 ./HLM53_program.o
 .text          0x00000092        0x0 ./MADC_program.o
 .text          0x00000092        0x0 ./MDIO_program.o
 .text          0x00000092        0x0 ./MGIE_program.o
 .text          0x00000092        0x0 ./MSPI_program.o
 .text          0x00000092        0x0 ./MTIMER_program.o
 .text          0x00000092        0x0 ./MTWI_program.o
 .text          0x00000092        0x0 ./MUART_program.o
 .text          0x00000092        0x0 ./comonFunctions.o
 .text          0x00000092        0x0 ./main.o
 .text          0x00000092        0x0 ./smart_home.o
 .text          0x00000092        0x0 e:/iti embedd sys/02- avr interfacing/000-tools/01- imt sdk-20230731t064320z-001/01- imt sdk/imt_sdk_win_64/imt_sdk_win_64/winavr/bin/../lib/gcc/avr/4.3.3/avr5\libgcc.a(_udivmodqi4.o)
 .text          0x00000092        0x0 e:/iti embedd sys/02- avr interfacing/000-tools/01- imt sdk-20230731t064320z-001/01- imt sdk/imt_sdk_win_64/imt_sdk_win_64/winavr/bin/../lib/gcc/avr/4.3.3/avr5\libgcc.a(_exit.o)
 .text          0x00000092        0x0 e:/iti embedd sys/02- avr interfacing/000-tools/01- imt sdk-20230731t064320z-001/01- imt sdk/imt_sdk_win_64/imt_sdk_win_64/winavr/bin/../lib/gcc/avr/4.3.3/avr5\libgcc.a(_copy_data.o)
 .text          0x00000092        0x0 e:/iti embedd sys/02- avr interfacing/000-tools/01- imt sdk-20230731t064320z-001/01- imt sdk/imt_sdk_win_64/imt_sdk_win_64/winavr/bin/../lib/gcc/avr/4.3.3/avr5\libgcc.a(_clear_bss.o)
 .text          0x00000092       0x58 e:/iti embedd sys/02- avr interfacing/000-tools/01- imt sdk-20230731t064320z-001/01- imt sdk/imt_sdk_win_64/imt_sdk_win_64/winavr/bin/../lib/gcc/avr/4.3.3/avr5\libgcc.a(_fixunssfsi.o)
                0x00000092                __fixunssfsi
 .text          0x000000ea      0x354 e:/iti embedd sys/02- avr interfacing/000-tools/01- imt sdk-20230731t064320z-001/01- imt sdk/imt_sdk_win_64/imt_sdk_win_64/winavr/bin/../lib/gcc/avr/4.3.3/avr5\libgcc.a(_addsub_sf.o)
                0x00000382                __subsf3
                0x000003e4                __addsf3
 .text          0x0000043e      0x1f4 e:/iti embedd sys/02- avr interfacing/000-tools/01- imt sdk-20230731t064320z-001/01- imt sdk/imt_sdk_win_64/imt_sdk_win_64/winavr/bin/../lib/gcc/avr/4.3.3/avr5\libgcc.a(_mul_sf.o)
                0x0000043e                __mulsf3
 .text          0x00000632      0x158 e:/iti embedd sys/02- avr interfacing/000-tools/01- imt sdk-20230731t064320z-001/01- imt sdk/imt_sdk_win_64/imt_sdk_win_64/winavr/bin/../lib/gcc/avr/4.3.3/avr5\libgcc.a(_div_sf.o)
                0x00000632                __divsf3
 .text          0x0000078a       0x60 e:/iti embedd sys/02- avr interfacing/000-tools/01- imt sdk-20230731t064320z-001/01- imt sdk/imt_sdk_win_64/imt_sdk_win_64/winavr/bin/../lib/gcc/avr/4.3.3/avr5\libgcc.a(_gt_sf.o)
                0x0000078a                __gtsf2
 .text          0x000007ea       0x60 e:/iti embedd sys/02- avr interfacing/000-tools/01- imt sdk-20230731t064320z-001/01- imt sdk/imt_sdk_win_64/imt_sdk_win_64/winavr/bin/../lib/gcc/avr/4.3.3/avr5\libgcc.a(_ge_sf.o)
                0x000007ea                __gesf2
 .text          0x0000084a       0x60 e:/iti embedd sys/02- avr interfacing/000-tools/01- imt sdk-20230731t064320z-001/01- imt sdk/imt_sdk_win_64/imt_sdk_win_64/winavr/bin/../lib/gcc/avr/4.3.3/avr5\libgcc.a(_lt_sf.o)
                0x0000084a                __ltsf2
 .text          0x000008aa       0xbc e:/iti embedd sys/02- avr interfacing/000-tools/01- imt sdk-20230731t064320z-001/01- imt sdk/imt_sdk_win_64/imt_sdk_win_64/winavr/bin/../lib/gcc/avr/4.3.3/avr5\libgcc.a(_si_to_sf.o)
                0x000008aa                __floatsisf
 .text          0x00000966       0xa8 e:/iti embedd sys/02- avr interfacing/000-tools/01- imt sdk-20230731t064320z-001/01- imt sdk/imt_sdk_win_64/imt_sdk_win_64/winavr/bin/../lib/gcc/avr/4.3.3/avr5\libgcc.a(_sf_to_si.o)
                0x00000966                __fixsfsi
 .text          0x00000a0e        0x0 e:/iti embedd sys/02- avr interfacing/000-tools/01- imt sdk-20230731t064320z-001/01- imt sdk/imt_sdk_win_64/imt_sdk_win_64/winavr/bin/../lib/gcc/avr/4.3.3/avr5\libgcc.a(_thenan_sf.o)
 .text          0x00000a0e       0xf2 e:/iti embedd sys/02- avr interfacing/000-tools/01- imt sdk-20230731t064320z-001/01- imt sdk/imt_sdk_win_64/imt_sdk_win_64/winavr/bin/../lib/gcc/avr/4.3.3/avr5\libgcc.a(_usi_to_sf.o)
                0x00000a0e                __floatunsisf
 .text          0x00000b00        0x0 e:/iti embedd sys/02- avr interfacing/000-tools/01- imt sdk-20230731t064320z-001/01- imt sdk/imt_sdk_win_64/imt_sdk_win_64/winavr/bin/../lib/gcc/avr/4.3.3/avr5\libgcc.a(_prologue.o)
 .text          0x00000b00        0x0 e:/iti embedd sys/02- avr interfacing/000-tools/01- imt sdk-20230731t064320z-001/01- imt sdk/imt_sdk_win_64/imt_sdk_win_64/winavr/bin/../lib/gcc/avr/4.3.3/avr5\libgcc.a(_epilogue.o)
 .text          0x00000b00       0x9e e:/iti embedd sys/02- avr interfacing/000-tools/01- imt sdk-20230731t064320z-001/01- imt sdk/imt_sdk_win_64/imt_sdk_win_64/winavr/bin/../lib/gcc/avr/4.3.3/avr5\libgcc.a(_clzsi2.o)
                0x00000b00                __clzsi2
 .text          0x00000b9e      0x1aa e:/iti embedd sys/02- avr interfacing/000-tools/01- imt sdk-20230731t064320z-001/01- imt sdk/imt_sdk_win_64/imt_sdk_win_64/winavr/bin/../lib/gcc/avr/4.3.3/avr5\libgcc.a(_pack_sf.o)
                0x00000b9e                __pack_f
 .text          0x00000d48       0xf0 e:/iti embedd sys/02- avr interfacing/000-tools/01- imt sdk-20230731t064320z-001/01- imt sdk/imt_sdk_win_64/imt_sdk_win_64/winavr/bin/../lib/gcc/avr/4.3.3/avr5\libgcc.a(_unpack_sf.o)
                0x00000d48                __unpack_f
 .text          0x00000e38       0xb2 e:/iti embedd sys/02- avr interfacing/000-tools/01- imt sdk-20230731t064320z-001/01- imt sdk/imt_sdk_win_64/imt_sdk_win_64/winavr/bin/../lib/gcc/avr/4.3.3/avr5\libgcc.a(_fpcmp_parts_sf.o)
                0x00000e38                __fpcmp_parts_f
 .text          0x00000eea        0x0 e:/iti embedd sys/02- avr interfacing/000-tools/01- imt sdk-20230731t064320z-001/01- imt sdk/imt_sdk_win_64/imt_sdk_win_64/winavr/bin/../lib/gcc/avr/4.3.3/avr5\libgcc.a(_clz.o)
 .text          0x00000eea        0x0 e:/iti embedd sys/02- avr interfacing/000-tools/01- imt sdk-20230731t064320z-001/01- imt sdk/imt_sdk_win_64/imt_sdk_win_64/winavr/bin/../lib/gcc/avr/4.3.3/../../../../avr/lib/avr5\libc.a(itoa.o)
 .text          0x00000eea        0x0 e:/iti embedd sys/02- avr interfacing/000-tools/01- imt sdk-20230731t064320z-001/01- imt sdk/imt_sdk_win_64/imt_sdk_win_64/winavr/bin/../lib/gcc/avr/4.3.3/../../../../avr/lib/avr5\libc.a(strrev.o)
 .text          0x00000eea        0x0 e:/iti embedd sys/02- avr interfacing/000-tools/01- imt sdk-20230731t064320z-001/01- imt sdk/imt_sdk_win_64/imt_sdk_win_64/winavr/bin/../lib/gcc/avr/4.3.3/avr5\libgcc.a(_udivmodhi4.o)
                0x00000eea                . = ALIGN (0x2)
 *(.text.*)
 .text.EEPROM_voidWrite
                0x00000eea       0x3a ./HEEPROM_program.o
                0x00000eea                EEPROM_voidWrite
 .text.EEPROM_voidRead
                0x00000f24       0x4e ./HEEPROM_program.o
                0x00000f24                EEPROM_voidRead
 .text.EEPROM_voidWriteString
                0x00000f72      0x15c ./HEEPROM_program.o
                0x00000f72                EEPROM_voidWriteString
 .text.EEPROM_voidReadString
                0x000010ce       0x84 ./HEEPROM_program.o
                0x000010ce                EEPROM_voidReadString
 .text.HKeyPad_u8GetKey
                0x00001152      0x1ca ./HKeyPad_Program.o
                0x00001152                HKeyPad_u8GetKey
 .text.HLCD_voidInit
                0x0000131c      0xe3c ./HLCD_program.o
                0x0000131c                HLCD_voidInit
 .text.HLCD_voidSendData
                0x00002158      0x764 ./HLCD_program.o
                0x00002158                HLCD_voidSendData
 .text.HLCD_voidSendCommand
                0x000028bc      0x764 ./HLCD_program.o
                0x000028bc                HLCD_voidSendCommand
 .text.HLCD_voidSendString
                0x00003020       0x56 ./HLCD_program.o
                0x00003020                HLCD_voidSendString
 .text.HLCD_voidSendInt
                0x00003076       0x4a ./HLCD_program.o
                0x00003076                HLCD_voidSendInt
 .text.HLCD_voidClearDisplay
                0x000030c0       0x14 ./HLCD_program.o
                0x000030c0                HLCD_voidClearDisplay
 .text.HLCD_voidReturnHome
                0x000030d4       0x14 ./HLCD_program.o
                0x000030d4                HLCD_voidReturnHome
 .text.HLCD_voidSetCursorPosition
                0x000030e8       0x3a ./HLCD_program.o
                0x000030e8                HLCD_voidSetCursorPosition
 .text.HLDR_u16GetRead
                0x00003122       0x64 ./HLDR_program.o
                0x00003122                HLDR_u16GetRead
 .text.HLM35_s16GetRead
                0x00003186       0x64 ./HLM53_program.o
                0x00003186                HLM35_s16GetRead
 .text.MADC_ErrorStateInit
                0x000031ea      0x2a4 ./MADC_program.o
                0x000031ea                MADC_ErrorStateInit
 .text.MADC_voidInitDefault
                0x0000348e       0x70 ./MADC_program.o
                0x0000348e                MADC_voidInitDefault
 .text.MADC_u16GetValue
                0x000034fe       0x6c ./MADC_program.o
                0x000034fe                MADC_u16GetValue
 .text.MADC_s32Mapping
                0x0000356a      0x13a ./MADC_program.o
                0x0000356a                MADC_s32Mapping
 .text.Port_voidInit
                0x000036a4       0x4c ./MDIO_program.o
                0x000036a4                Port_voidInit
 .text.MDIO_ErrorS_EnablePinPullUp
                0x000036f0      0x122 ./MDIO_program.o
                0x000036f0                MDIO_ErrorS_EnablePinPullUp
 .text.MDIO_voidSetPinDirection
                0x00003812      0x204 ./MDIO_program.o
                0x00003812                MDIO_voidSetPinDirection
 .text.MDIO_ErrorS_SetPinValue
                0x00003a16      0x21e ./MDIO_program.o
                0x00003a16                MDIO_ErrorS_SetPinValue
 .text.MDIO_ErrorS_GetPinValue
                0x00003c34      0x122 ./MDIO_program.o
                0x00003c34                MDIO_ErrorS_GetPinValue
 .text.MDIO_ErrorS_SetPortValue
                0x00003d56       0x92 ./MDIO_program.o
                0x00003d56                MDIO_ErrorS_SetPortValue
 .text.MDIO_ErrorS_GetPortValue
                0x00003de8       0xa6 ./MDIO_program.o
                0x00003de8                MDIO_ErrorS_GetPortValue
 .text.MDIO_ErrorS_TogPinValue
                0x00003e8e      0x10a ./MDIO_program.o
                0x00003e8e                MDIO_ErrorS_TogPinValue
 .text.MGIE_voidEnable
                0x00003f98       0x1c ./MGIE_program.o
                0x00003f98                MGIE_voidEnable
 .text.MGIE_voidDisable
                0x00003fb4       0x1c ./MGIE_program.o
                0x00003fb4                MGIE_voidDisable
 .text.MSPI_voidInit
                0x00003fd0       0x7e ./MSPI_program.o
                0x00003fd0                MSPI_voidInit
 .text.MSPI_u8TransciveByte
                0x0000404e       0x3a ./MSPI_program.o
                0x0000404e                MSPI_u8TransciveByte
 .text.MTIMER0_voidInit
                0x00004088       0x6a ./MTIMER_program.o
                0x00004088                MTIMER0_voidInit
 .text.MTIMER0_voidDisable
                0x000040f2       0x38 ./MTIMER_program.o
                0x000040f2                MTIMER0_voidDisable
 .text.MTIMER0_voidSetPreload
                0x0000412a       0x1c ./MTIMER_program.o
                0x0000412a                MTIMER0_voidSetPreload
 .text.MTIMER0_voidSetDutyCycle
                0x00004146       0x1c ./MTIMER_program.o
                0x00004146                MTIMER0_voidSetDutyCycle
 .text.setCallBackTimer0
                0x00004162       0x24 ./MTIMER_program.o
                0x00004162                setCallBackTimer0
 .text.__vector_11
                0x00004186       0x5a ./MTIMER_program.o
                0x00004186                __vector_11
 .text.MTIMER1_voidInit
                0x000041e0      0x3f8 ./MTIMER_program.o
                0x000041e0                MTIMER1_voidInit
 .text.MTIMER1_voidSetTopValue
                0x000045d8       0x5e ./MTIMER_program.o
                0x000045d8                MTIMER1_voidSetTopValue
 .text.MTIMER1_voidSetDutyCycle
                0x00004636       0x24 ./MTIMER_program.o
                0x00004636                MTIMER1_voidSetDutyCycle
 .text.MTIMER1_voidEdgeSelect
                0x0000465a       0x56 ./MTIMER_program.o
                0x0000465a                MTIMER1_voidEdgeSelect
 .text.MTIMER_voidEnableInterrupt
                0x000046b0       0x1c ./MTIMER_program.o
                0x000046b0                MTIMER_voidEnableInterrupt
 .text.MTWI_voidInit
                0x000046cc       0x32 ./MTWI_program.o
                0x000046cc                MTWI_voidInit
 .text.MTWI_voidStart
                0x000046fe       0x42 ./MTWI_program.o
                0x000046fe                MTWI_voidStart
 .text.MTWI_voidWriteAddressWithOrder
                0x00004740       0xa2 ./MTWI_program.o
                0x00004740                MTWI_voidWriteAddressWithOrder
 .text.MTWI_voidWriteData
                0x000047e2       0x50 ./MTWI_program.o
                0x000047e2                MTWI_voidWriteData
 .text.MTWI_u8ReadWithACK
                0x00004832       0x48 ./MTWI_program.o
                0x00004832                MTWI_u8ReadWithACK
 .text.MTWI_voidStop
                0x0000487a       0x38 ./MTWI_program.o
                0x0000487a                MTWI_voidStop
 .text.MTWI_u8GetStatus
                0x000048b2       0x16 ./MTWI_program.o
                0x000048b2                MTWI_u8GetStatus
 .text.MUART_voidInit
                0x000048c8       0x6c ./MUART_program.o
                0x000048c8                MUART_voidInit
 .text.MUART_voidTransmitByte
                0x00004934       0x34 ./MUART_program.o
                0x00004934                MUART_voidTransmitByte
 .text.MUART_voidTransmitString
                0x00004968       0x38 ./MUART_program.o
                0x00004968                MUART_voidTransmitString
 .text.MUART_u8ReciveByte
                0x000049a0       0x1e ./MUART_program.o
                0x000049a0                MUART_u8ReciveByte
 .text.MUART_u8IsRecivedData
                0x000049be       0x24 ./MUART_program.o
                0x000049be                MUART_u8IsRecivedData
 .text.MUART_u8ReciveByteWithoutBooling
                0x000049e2       0x14 ./MUART_program.o
                0x000049e2                MUART_u8ReciveByteWithoutBooling
 .text.compareString
                0x000049f6       0x72 ./comonFunctions.o
                0x000049f6                compareString
 .text.main     0x00004a68      0x212 ./main.o
                0x00004a68                main
 .text.ISR_TIMER0
                0x00004c7a       0x38 ./smart_home.o
                0x00004c7a                ISR_TIMER0
 .text.initUsedPrefrals
                0x00004cb2       0x3c ./smart_home.o
                0x00004cb2                initUsedPrefrals
 .text.welcomeScreen
                0x00004cee      0x126 ./smart_home.o
                0x00004cee                welcomeScreen
 .text.gettingMode
                0x00004e14       0x38 ./smart_home.o
                0x00004e14                gettingMode
 .text.selectioScreen
                0x00004e4c       0x36 ./smart_home.o
                0x00004e4c                selectioScreen
 .text.gettingNameAndPass
                0x00004e82       0x88 ./smart_home.o
                0x00004e82                gettingNameAndPass
 .text.nameAndPassScreen
                0x00004f0a       0x32 ./smart_home.o
                0x00004f0a                nameAndPassScreen
 .text.enterUserData
                0x00004f3c      0x368 ./smart_home.o
                0x00004f3c                enterUserData
 .text.enterNewUserData
                0x000052a4      0x240 ./smart_home.o
                0x000052a4                enterNewUserData
 .text.displayLightAndTemp
                0x000054e4       0x5e ./smart_home.o
                0x000054e4                displayLightAndTemp
 .text.getDataFromBluetooth
                0x00005542       0x32 ./smart_home.o
                0x00005542                getDataFromBluetooth
 .text.IsRecivedFromBluetooth
                0x00005574       0x1a ./smart_home.o
                0x00005574                IsRecivedFromBluetooth
 .text.sendTempToSlave
                0x0000558e       0x20 ./smart_home.o
                0x0000558e                sendTempToSlave
 .text.sendFanOrderToSlave
                0x000055ae       0x16 ./smart_home.o
                0x000055ae                sendFanOrderToSlave
 .text.sendLightOrderToSlave
                0x000055c4       0x16 ./smart_home.o
                0x000055c4                sendLightOrderToSlave
 .text.sendDoorOrderToSlave
                0x000055da       0x16 ./smart_home.o
                0x000055da                sendDoorOrderToSlave
 .text.sendGarageOrderToSlave
                0x000055f0       0x16 ./smart_home.o
                0x000055f0                sendGarageOrderToSlave
 .text.libgcc   0x00005606       0x18 e:/iti embedd sys/02- avr interfacing/000-tools/01- imt sdk-20230731t064320z-001/01- imt sdk/imt_sdk_win_64/imt_sdk_win_64/winavr/bin/../lib/gcc/avr/4.3.3/avr5\libgcc.a(_udivmodqi4.o)
                0x00005606                __udivmodqi4
 .text.libgcc   0x0000561e        0x0 e:/iti embedd sys/02- avr interfacing/000-tools/01- imt sdk-20230731t064320z-001/01- imt sdk/imt_sdk_win_64/imt_sdk_win_64/winavr/bin/../lib/gcc/avr/4.3.3/avr5\libgcc.a(_exit.o)
 .text.libgcc   0x0000561e        0x0 e:/iti embedd sys/02- avr interfacing/000-tools/01- imt sdk-20230731t064320z-001/01- imt sdk/imt_sdk_win_64/imt_sdk_win_64/winavr/bin/../lib/gcc/avr/4.3.3/avr5\libgcc.a(_copy_data.o)
 .text.libgcc   0x0000561e        0x0 e:/iti embedd sys/02- avr interfacing/000-tools/01- imt sdk-20230731t064320z-001/01- imt sdk/imt_sdk_win_64/imt_sdk_win_64/winavr/bin/../lib/gcc/avr/4.3.3/avr5\libgcc.a(_clear_bss.o)
 .text.libgcc   0x0000561e       0x38 e:/iti embedd sys/02- avr interfacing/000-tools/01- imt sdk-20230731t064320z-001/01- imt sdk/imt_sdk_win_64/imt_sdk_win_64/winavr/bin/../lib/gcc/avr/4.3.3/avr5\libgcc.a(_prologue.o)
                0x0000561e                __prologue_saves__
 .text.libgcc   0x00005656       0x36 e:/iti embedd sys/02- avr interfacing/000-tools/01- imt sdk-20230731t064320z-001/01- imt sdk/imt_sdk_win_64/imt_sdk_win_64/winavr/bin/../lib/gcc/avr/4.3.3/avr5\libgcc.a(_epilogue.o)
                0x00005656                __epilogue_restores__
 .text.avr-libc
                0x0000568c       0x42 e:/iti embedd sys/02- avr interfacing/000-tools/01- imt sdk-20230731t064320z-001/01- imt sdk/imt_sdk_win_64/imt_sdk_win_64/winavr/bin/../lib/gcc/avr/4.3.3/../../../../avr/lib/avr5\libc.a(itoa.o)
                0x0000568c                itoa
 .text.avr-libc
                0x000056ce       0x20 e:/iti embedd sys/02- avr interfacing/000-tools/01- imt sdk-20230731t064320z-001/01- imt sdk/imt_sdk_win_64/imt_sdk_win_64/winavr/bin/../lib/gcc/avr/4.3.3/../../../../avr/lib/avr5\libc.a(strrev.o)
                0x000056ce                strrev
 .text.libgcc   0x000056ee       0x28 e:/iti embedd sys/02- avr interfacing/000-tools/01- imt sdk-20230731t064320z-001/01- imt sdk/imt_sdk_win_64/imt_sdk_win_64/winavr/bin/../lib/gcc/avr/4.3.3/avr5\libgcc.a(_udivmodhi4.o)
                0x000056ee                __udivmodhi4
                0x00005716                . = ALIGN (0x2)
 *(.fini9)
 .fini9         0x00005716        0x0 e:/iti embedd sys/02- avr interfacing/000-tools/01- imt sdk-20230731t064320z-001/01- imt sdk/imt_sdk_win_64/imt_sdk_win_64/winavr/bin/../lib/gcc/avr/4.3.3/avr5\libgcc.a(_exit.o)
                0x00005716                exit
                0x00005716                _exit
 *(.fini9)
 *(.fini8)
 *(.fini8)
 *(.fini7)
 *(.fini7)
 *(.fini6)
 *(.fini6)
 *(.fini5)
 *(.fini5)
 *(.fini4)
 *(.fini4)
 *(.fini3)
 *(.fini3)
 *(.fini2)
 *(.fini2)
 *(.fini1)
 *(.fini1)
 *(.fini0)
 .fini0         0x00005716        0x4 e:/iti embedd sys/02- avr interfacing/000-tools/01- imt sdk-20230731t064320z-001/01- imt sdk/imt_sdk_win_64/imt_sdk_win_64/winavr/bin/../lib/gcc/avr/4.3.3/avr5\libgcc.a(_exit.o)
 *(.fini0)
                0x0000571a                _etext = .

.data           0x00800060      0x1e6 load address 0x0000571a
                0x00800060                PROVIDE (__data_start, .)
 *(.data)
 .data          0x00800060        0x0 e:/iti embedd sys/02- avr interfacing/000-tools/01- imt sdk-20230731t064320z-001/01- imt sdk/imt_sdk_win_64/imt_sdk_win_64/winavr/bin/../lib/gcc/avr/4.3.3/../../../../avr/lib/avr5/crtm32.o
 .data          0x00800060        0x0 ./HEEPROM_program.o
 .data          0x00800060        0x0 ./HKeyPad_Program.o
 .data          0x00800060        0x0 ./HLCD_program.o
 .data          0x00800060        0x0 ./HLDR_program.o
 .data          0x00800060        0x0 ./HLM53_program.o
 .data          0x00800060        0x0 ./MADC_program.o
 .data          0x00800060        0x0 ./MDIO_program.o
 .data          0x00800060        0x0 ./MGIE_program.o
 .data          0x00800060        0x0 ./MSPI_program.o
 .data          0x00800060        0x0 ./MTIMER_program.o
 .data          0x00800060        0x0 ./MTWI_program.o
 .data          0x00800060        0x0 ./MUART_program.o
 .data          0x00800060        0x0 ./comonFunctions.o
 .data          0x00800060        0x4 ./main.o
 .data          0x00800064       0xc4 ./smart_home.o
 .data          0x00800128        0x0 e:/iti embedd sys/02- avr interfacing/000-tools/01- imt sdk-20230731t064320z-001/01- imt sdk/imt_sdk_win_64/imt_sdk_win_64/winavr/bin/../lib/gcc/avr/4.3.3/avr5\libgcc.a(_udivmodqi4.o)
 .data          0x00800128        0x0 e:/iti embedd sys/02- avr interfacing/000-tools/01- imt sdk-20230731t064320z-001/01- imt sdk/imt_sdk_win_64/imt_sdk_win_64/winavr/bin/../lib/gcc/avr/4.3.3/avr5\libgcc.a(_exit.o)
 .data          0x00800128        0x0 e:/iti embedd sys/02- avr interfacing/000-tools/01- imt sdk-20230731t064320z-001/01- imt sdk/imt_sdk_win_64/imt_sdk_win_64/winavr/bin/../lib/gcc/avr/4.3.3/avr5\libgcc.a(_copy_data.o)
 .data          0x00800128        0x0 e:/iti embedd sys/02- avr interfacing/000-tools/01- imt sdk-20230731t064320z-001/01- imt sdk/imt_sdk_win_64/imt_sdk_win_64/winavr/bin/../lib/gcc/avr/4.3.3/avr5\libgcc.a(_clear_bss.o)
 .data          0x00800128        0x0 e:/iti embedd sys/02- avr interfacing/000-tools/01- imt sdk-20230731t064320z-001/01- imt sdk/imt_sdk_win_64/imt_sdk_win_64/winavr/bin/../lib/gcc/avr/4.3.3/avr5\libgcc.a(_fixunssfsi.o)
 .data          0x00800128        0x0 e:/iti embedd sys/02- avr interfacing/000-tools/01- imt sdk-20230731t064320z-001/01- imt sdk/imt_sdk_win_64/imt_sdk_win_64/winavr/bin/../lib/gcc/avr/4.3.3/avr5\libgcc.a(_addsub_sf.o)
 .data          0x00800128        0x0 e:/iti embedd sys/02- avr interfacing/000-tools/01- imt sdk-20230731t064320z-001/01- imt sdk/imt_sdk_win_64/imt_sdk_win_64/winavr/bin/../lib/gcc/avr/4.3.3/avr5\libgcc.a(_mul_sf.o)
 .data          0x00800128        0x0 e:/iti embedd sys/02- avr interfacing/000-tools/01- imt sdk-20230731t064320z-001/01- imt sdk/imt_sdk_win_64/imt_sdk_win_64/winavr/bin/../lib/gcc/avr/4.3.3/avr5\libgcc.a(_div_sf.o)
 .data          0x00800128        0x0 e:/iti embedd sys/02- avr interfacing/000-tools/01- imt sdk-20230731t064320z-001/01- imt sdk/imt_sdk_win_64/imt_sdk_win_64/winavr/bin/../lib/gcc/avr/4.3.3/avr5\libgcc.a(_gt_sf.o)
 .data          0x00800128        0x0 e:/iti embedd sys/02- avr interfacing/000-tools/01- imt sdk-20230731t064320z-001/01- imt sdk/imt_sdk_win_64/imt_sdk_win_64/winavr/bin/../lib/gcc/avr/4.3.3/avr5\libgcc.a(_ge_sf.o)
 .data          0x00800128        0x0 e:/iti embedd sys/02- avr interfacing/000-tools/01- imt sdk-20230731t064320z-001/01- imt sdk/imt_sdk_win_64/imt_sdk_win_64/winavr/bin/../lib/gcc/avr/4.3.3/avr5\libgcc.a(_lt_sf.o)
 .data          0x00800128        0x0 e:/iti embedd sys/02- avr interfacing/000-tools/01- imt sdk-20230731t064320z-001/01- imt sdk/imt_sdk_win_64/imt_sdk_win_64/winavr/bin/../lib/gcc/avr/4.3.3/avr5\libgcc.a(_si_to_sf.o)
 .data          0x00800128        0x0 e:/iti embedd sys/02- avr interfacing/000-tools/01- imt sdk-20230731t064320z-001/01- imt sdk/imt_sdk_win_64/imt_sdk_win_64/winavr/bin/../lib/gcc/avr/4.3.3/avr5\libgcc.a(_sf_to_si.o)
 .data          0x00800128        0x8 e:/iti embedd sys/02- avr interfacing/000-tools/01- imt sdk-20230731t064320z-001/01- imt sdk/imt_sdk_win_64/imt_sdk_win_64/winavr/bin/../lib/gcc/avr/4.3.3/avr5\libgcc.a(_thenan_sf.o)
                0x00800128                __thenan_sf
 .data          0x00800130        0x0 e:/iti embedd sys/02- avr interfacing/000-tools/01- imt sdk-20230731t064320z-001/01- imt sdk/imt_sdk_win_64/imt_sdk_win_64/winavr/bin/../lib/gcc/avr/4.3.3/avr5\libgcc.a(_usi_to_sf.o)
 .data          0x00800130        0x0 e:/iti embedd sys/02- avr interfacing/000-tools/01- imt sdk-20230731t064320z-001/01- imt sdk/imt_sdk_win_64/imt_sdk_win_64/winavr/bin/../lib/gcc/avr/4.3.3/avr5\libgcc.a(_prologue.o)
 .data          0x00800130        0x0 e:/iti embedd sys/02- avr interfacing/000-tools/01- imt sdk-20230731t064320z-001/01- imt sdk/imt_sdk_win_64/imt_sdk_win_64/winavr/bin/../lib/gcc/avr/4.3.3/avr5\libgcc.a(_epilogue.o)
 .data          0x00800130        0x0 e:/iti embedd sys/02- avr interfacing/000-tools/01- imt sdk-20230731t064320z-001/01- imt sdk/imt_sdk_win_64/imt_sdk_win_64/winavr/bin/../lib/gcc/avr/4.3.3/avr5\libgcc.a(_clzsi2.o)
 .data          0x00800130        0x0 e:/iti embedd sys/02- avr interfacing/000-tools/01- imt sdk-20230731t064320z-001/01- imt sdk/imt_sdk_win_64/imt_sdk_win_64/winavr/bin/../lib/gcc/avr/4.3.3/avr5\libgcc.a(_pack_sf.o)
 .data          0x00800130        0x0 e:/iti embedd sys/02- avr interfacing/000-tools/01- imt sdk-20230731t064320z-001/01- imt sdk/imt_sdk_win_64/imt_sdk_win_64/winavr/bin/../lib/gcc/avr/4.3.3/avr5\libgcc.a(_unpack_sf.o)
 .data          0x00800130        0x0 e:/iti embedd sys/02- avr interfacing/000-tools/01- imt sdk-20230731t064320z-001/01- imt sdk/imt_sdk_win_64/imt_sdk_win_64/winavr/bin/../lib/gcc/avr/4.3.3/avr5\libgcc.a(_fpcmp_parts_sf.o)
 .data          0x00800130      0x100 e:/iti embedd sys/02- avr interfacing/000-tools/01- imt sdk-20230731t064320z-001/01- imt sdk/imt_sdk_win_64/imt_sdk_win_64/winavr/bin/../lib/gcc/avr/4.3.3/avr5\libgcc.a(_clz.o)
                0x00800130                __clz_tab
 .data          0x00800230        0x0 e:/iti embedd sys/02- avr interfacing/000-tools/01- imt sdk-20230731t064320z-001/01- imt sdk/imt_sdk_win_64/imt_sdk_win_64/winavr/bin/../lib/gcc/avr/4.3.3/../../../../avr/lib/avr5\libc.a(itoa.o)
 .data          0x00800230        0x0 e:/iti embedd sys/02- avr interfacing/000-tools/01- imt sdk-20230731t064320z-001/01- imt sdk/imt_sdk_win_64/imt_sdk_win_64/winavr/bin/../lib/gcc/avr/4.3.3/../../../../avr/lib/avr5\libc.a(strrev.o)
 .data          0x00800230        0x0 e:/iti embedd sys/02- avr interfacing/000-tools/01- imt sdk-20230731t064320z-001/01- imt sdk/imt_sdk_win_64/imt_sdk_win_64/winavr/bin/../lib/gcc/avr/4.3.3/avr5\libgcc.a(_udivmodhi4.o)
 *(.data*)
 .data.bluetoothOrder
                0x00800230        0x1 ./main.o
                0x00800230                bluetoothOrder
 .data.slaveFanOrder
                0x00800231        0x1 ./main.o
                0x00800231                slaveFanOrder
 .data.slaveLightOrder
                0x00800232        0x1 ./main.o
                0x00800232                slaveLightOrder
 .data.slaveDoorOrder
                0x00800233        0x1 ./main.o
                0x00800233                slaveDoorOrder
 .data.slaveGarageOrder
                0x00800234        0x1 ./main.o
                0x00800234                slaveGarageOrder
 *(.rodata)
 *(.rodata*)
 .rodata.C.0.1311
                0x00800235       0x10 ./HKeyPad_Program.o
 *(.gnu.linkonce.d*)
                0x00800246                . = ALIGN (0x2)
 *fill*         0x00800245        0x1 00
                0x00800246                _edata = .
                0x00800246                PROVIDE (__data_end, .)

.bss            0x00800246        0xb
                0x00800246                PROVIDE (__bss_start, .)
 *(.bss)
 .bss           0x00800246        0x0 e:/iti embedd sys/02- avr interfacing/000-tools/01- imt sdk-20230731t064320z-001/01- imt sdk/imt_sdk_win_64/imt_sdk_win_64/winavr/bin/../lib/gcc/avr/4.3.3/../../../../avr/lib/avr5/crtm32.o
 .bss           0x00800246        0x0 ./HEEPROM_program.o
 .bss           0x00800246        0x0 ./HKeyPad_Program.o
 .bss           0x00800246        0x0 ./HLCD_program.o
 .bss           0x00800246        0x0 ./HLDR_program.o
 .bss           0x00800246        0x0 ./HLM53_program.o
 .bss           0x00800246        0x0 ./MADC_program.o
 .bss           0x00800246        0x0 ./MDIO_program.o
 .bss           0x00800246        0x0 ./MGIE_program.o
 .bss           0x00800246        0x0 ./MSPI_program.o
 .bss           0x00800246        0x0 ./MTIMER_program.o
 .bss           0x00800246        0x0 ./MTWI_program.o
 .bss           0x00800246        0x0 ./MUART_program.o
 .bss           0x00800246        0x0 ./comonFunctions.o
 .bss           0x00800246        0x0 ./main.o
 .bss           0x00800246        0x0 ./smart_home.o
 .bss           0x00800246        0x0 e:/iti embedd sys/02- avr interfacing/000-tools/01- imt sdk-20230731t064320z-001/01- imt sdk/imt_sdk_win_64/imt_sdk_win_64/winavr/bin/../lib/gcc/avr/4.3.3/avr5\libgcc.a(_udivmodqi4.o)
 .bss           0x00800246        0x0 e:/iti embedd sys/02- avr interfacing/000-tools/01- imt sdk-20230731t064320z-001/01- imt sdk/imt_sdk_win_64/imt_sdk_win_64/winavr/bin/../lib/gcc/avr/4.3.3/avr5\libgcc.a(_exit.o)
 .bss           0x00800246        0x0 e:/iti embedd sys/02- avr interfacing/000-tools/01- imt sdk-20230731t064320z-001/01- imt sdk/imt_sdk_win_64/imt_sdk_win_64/winavr/bin/../lib/gcc/avr/4.3.3/avr5\libgcc.a(_copy_data.o)
 .bss           0x00800246        0x0 e:/iti embedd sys/02- avr interfacing/000-tools/01- imt sdk-20230731t064320z-001/01- imt sdk/imt_sdk_win_64/imt_sdk_win_64/winavr/bin/../lib/gcc/avr/4.3.3/avr5\libgcc.a(_clear_bss.o)
 .bss           0x00800246        0x0 e:/iti embedd sys/02- avr interfacing/000-tools/01- imt sdk-20230731t064320z-001/01- imt sdk/imt_sdk_win_64/imt_sdk_win_64/winavr/bin/../lib/gcc/avr/4.3.3/avr5\libgcc.a(_fixunssfsi.o)
 .bss           0x00800246        0x0 e:/iti embedd sys/02- avr interfacing/000-tools/01- imt sdk-20230731t064320z-001/01- imt sdk/imt_sdk_win_64/imt_sdk_win_64/winavr/bin/../lib/gcc/avr/4.3.3/avr5\libgcc.a(_addsub_sf.o)
 .bss           0x00800246        0x0 e:/iti embedd sys/02- avr interfacing/000-tools/01- imt sdk-20230731t064320z-001/01- imt sdk/imt_sdk_win_64/imt_sdk_win_64/winavr/bin/../lib/gcc/avr/4.3.3/avr5\libgcc.a(_mul_sf.o)
 .bss           0x00800246        0x0 e:/iti embedd sys/02- avr interfacing/000-tools/01- imt sdk-20230731t064320z-001/01- imt sdk/imt_sdk_win_64/imt_sdk_win_64/winavr/bin/../lib/gcc/avr/4.3.3/avr5\libgcc.a(_div_sf.o)
 .bss           0x00800246        0x0 e:/iti embedd sys/02- avr interfacing/000-tools/01- imt sdk-20230731t064320z-001/01- imt sdk/imt_sdk_win_64/imt_sdk_win_64/winavr/bin/../lib/gcc/avr/4.3.3/avr5\libgcc.a(_gt_sf.o)
 .bss           0x00800246        0x0 e:/iti embedd sys/02- avr interfacing/000-tools/01- imt sdk-20230731t064320z-001/01- imt sdk/imt_sdk_win_64/imt_sdk_win_64/winavr/bin/../lib/gcc/avr/4.3.3/avr5\libgcc.a(_ge_sf.o)
 .bss           0x00800246        0x0 e:/iti embedd sys/02- avr interfacing/000-tools/01- imt sdk-20230731t064320z-001/01- imt sdk/imt_sdk_win_64/imt_sdk_win_64/winavr/bin/../lib/gcc/avr/4.3.3/avr5\libgcc.a(_lt_sf.o)
 .bss           0x00800246        0x0 e:/iti embedd sys/02- avr interfacing/000-tools/01- imt sdk-20230731t064320z-001/01- imt sdk/imt_sdk_win_64/imt_sdk_win_64/winavr/bin/../lib/gcc/avr/4.3.3/avr5\libgcc.a(_si_to_sf.o)
 .bss           0x00800246        0x0 e:/iti embedd sys/02- avr interfacing/000-tools/01- imt sdk-20230731t064320z-001/01- imt sdk/imt_sdk_win_64/imt_sdk_win_64/winavr/bin/../lib/gcc/avr/4.3.3/avr5\libgcc.a(_sf_to_si.o)
 .bss           0x00800246        0x0 e:/iti embedd sys/02- avr interfacing/000-tools/01- imt sdk-20230731t064320z-001/01- imt sdk/imt_sdk_win_64/imt_sdk_win_64/winavr/bin/../lib/gcc/avr/4.3.3/avr5\libgcc.a(_thenan_sf.o)
 .bss           0x00800246        0x0 e:/iti embedd sys/02- avr interfacing/000-tools/01- imt sdk-20230731t064320z-001/01- imt sdk/imt_sdk_win_64/imt_sdk_win_64/winavr/bin/../lib/gcc/avr/4.3.3/avr5\libgcc.a(_usi_to_sf.o)
 .bss           0x00800246        0x0 e:/iti embedd sys/02- avr interfacing/000-tools/01- imt sdk-20230731t064320z-001/01- imt sdk/imt_sdk_win_64/imt_sdk_win_64/winavr/bin/../lib/gcc/avr/4.3.3/avr5\libgcc.a(_prologue.o)
 .bss           0x00800246        0x0 e:/iti embedd sys/02- avr interfacing/000-tools/01- imt sdk-20230731t064320z-001/01- imt sdk/imt_sdk_win_64/imt_sdk_win_64/winavr/bin/../lib/gcc/avr/4.3.3/avr5\libgcc.a(_epilogue.o)
 .bss           0x00800246        0x0 e:/iti embedd sys/02- avr interfacing/000-tools/01- imt sdk-20230731t064320z-001/01- imt sdk/imt_sdk_win_64/imt_sdk_win_64/winavr/bin/../lib/gcc/avr/4.3.3/avr5\libgcc.a(_clzsi2.o)
 .bss           0x00800246        0x0 e:/iti embedd sys/02- avr interfacing/000-tools/01- imt sdk-20230731t064320z-001/01- imt sdk/imt_sdk_win_64/imt_sdk_win_64/winavr/bin/../lib/gcc/avr/4.3.3/avr5\libgcc.a(_pack_sf.o)
 .bss           0x00800246        0x0 e:/iti embedd sys/02- avr interfacing/000-tools/01- imt sdk-20230731t064320z-001/01- imt sdk/imt_sdk_win_64/imt_sdk_win_64/winavr/bin/../lib/gcc/avr/4.3.3/avr5\libgcc.a(_unpack_sf.o)
 .bss           0x00800246        0x0 e:/iti embedd sys/02- avr interfacing/000-tools/01- imt sdk-20230731t064320z-001/01- imt sdk/imt_sdk_win_64/imt_sdk_win_64/winavr/bin/../lib/gcc/avr/4.3.3/avr5\libgcc.a(_fpcmp_parts_sf.o)
 .bss           0x00800246        0x0 e:/iti embedd sys/02- avr interfacing/000-tools/01- imt sdk-20230731t064320z-001/01- imt sdk/imt_sdk_win_64/imt_sdk_win_64/winavr/bin/../lib/gcc/avr/4.3.3/avr5\libgcc.a(_clz.o)
 .bss           0x00800246        0x0 e:/iti embedd sys/02- avr interfacing/000-tools/01- imt sdk-20230731t064320z-001/01- imt sdk/imt_sdk_win_64/imt_sdk_win_64/winavr/bin/../lib/gcc/avr/4.3.3/../../../../avr/lib/avr5\libc.a(itoa.o)
 .bss           0x00800246        0x0 e:/iti embedd sys/02- avr interfacing/000-tools/01- imt sdk-20230731t064320z-001/01- imt sdk/imt_sdk_win_64/imt_sdk_win_64/winavr/bin/../lib/gcc/avr/4.3.3/../../../../avr/lib/avr5\libc.a(strrev.o)
 .bss           0x00800246        0x0 e:/iti embedd sys/02- avr interfacing/000-tools/01- imt sdk-20230731t064320z-001/01- imt sdk/imt_sdk_win_64/imt_sdk_win_64/winavr/bin/../lib/gcc/avr/4.3.3/avr5\libgcc.a(_udivmodhi4.o)
 *(.bss*)
 .bss.newLux    0x00800246        0x2 ./main.o
                0x00800246                newLux
 .bss.currentLux
                0x00800248        0x2 ./main.o
                0x00800248                currentLux
 .bss.newTemprature
                0x0080024a        0x1 ./main.o
                0x0080024a                newTemprature
 .bss.currentTemprature
                0x0080024b        0x1 ./main.o
                0x0080024b                currentTemprature
 .bss.flag      0x0080024c        0x1 ./main.o
                0x0080024c                flag
 .bss.tries     0x0080024d        0x1 ./smart_home.o
 .bss.counter.1463
                0x0080024e        0x1 ./smart_home.o
 *(COMMON)
 COMMON         0x0080024f        0x2 ./MTIMER_program.o
                0x0080024f                callBackTimer0
                0x00800251                PROVIDE (__bss_end, .)
                0x0000571a                __data_load_start = LOADADDR (.data)
                0x00005900                __data_load_end = (__data_load_start + SIZEOF (.data))

.noinit         0x00800251        0x0
                0x00800251                PROVIDE (__noinit_start, .)
 *(.noinit*)
                0x00800251                PROVIDE (__noinit_end, .)
                0x00800251                _end = .
                0x00800251                PROVIDE (__heap_start, .)

.eeprom         0x00810000        0x0
 *(.eeprom*)
                0x00810000                __eeprom_end = .

.fuse
 *(.fuse)
 *(.lfuse)
 *(.hfuse)
 *(.efuse)

.lock
 *(.lock*)

.signature
 *(.signature*)

.stab           0x00000000     0x54e4
 *(.stab)
 .stab          0x00000000      0x660 ./HEEPROM_program.o
 .stab          0x00000660      0x2d0 ./HKeyPad_Program.o
                                0x504 (size before relaxing)
 .stab          0x00000930     0x1848 ./HLCD_program.o
                               0x18f0 (size before relaxing)
 .stab          0x00002178      0x150 ./HLDR_program.o
                                0x1f8 (size before relaxing)
 .stab          0x000022c8      0x150 ./HLM53_program.o
                                0x1f8 (size before relaxing)
 .stab          0x00002418      0x4c8 ./MADC_program.o
                                0x6fc (size before relaxing)
 .stab          0x000028e0      0x78c ./MDIO_program.o
                                0x834 (size before relaxing)
 .stab          0x0000306c      0x144 ./MGIE_program.o
                                0x1ec (size before relaxing)
 .stab          0x000031b0      0x1c8 ./MSPI_program.o
                                0x270 (size before relaxing)
 .stab          0x00003378      0x714 ./MTIMER_program.o
                                0x7bc (size before relaxing)
 .stab          0x00003a8c      0x39c ./MTWI_program.o
                                0x444 (size before relaxing)
 .stab          0x00003e28      0x330 ./MUART_program.o
                                0x3d8 (size before relaxing)
 .stab          0x00004158      0x1a4 ./comonFunctions.o
                                0x24c (size before relaxing)
 .stab          0x000042fc      0x4a4 ./main.o
                                0x6cc (size before relaxing)
 .stab          0x000047a0      0xd44 ./smart_home.o
                                0xfe4 (size before relaxing)

.stabstr        0x00000000     0x2453
 *(.stabstr)
 .stabstr       0x00000000     0x2453 ./HEEPROM_program.o

.stab.excl
 *(.stab.excl)

.stab.exclstr
 *(.stab.exclstr)

.stab.index
 *(.stab.index)

.stab.indexstr
 *(.stab.indexstr)

.comment
 *(.comment)

.debug
 *(.debug)

.line
 *(.line)

.debug_srcinfo
 *(.debug_srcinfo)

.debug_sfnames
 *(.debug_sfnames)

.debug_aranges  0x00000000      0x1c0
 *(.debug_aranges)
 .debug_aranges
                0x00000000       0x20 e:/iti embedd sys/02- avr interfacing/000-tools/01- imt sdk-20230731t064320z-001/01- imt sdk/imt_sdk_win_64/imt_sdk_win_64/winavr/bin/../lib/gcc/avr/4.3.3/avr5\libgcc.a(_fixunssfsi.o)
 .debug_aranges
                0x00000020       0x20 e:/iti embedd sys/02- avr interfacing/000-tools/01- imt sdk-20230731t064320z-001/01- imt sdk/imt_sdk_win_64/imt_sdk_win_64/winavr/bin/../lib/gcc/avr/4.3.3/avr5\libgcc.a(_addsub_sf.o)
 .debug_aranges
                0x00000040       0x20 e:/iti embedd sys/02- avr interfacing/000-tools/01- imt sdk-20230731t064320z-001/01- imt sdk/imt_sdk_win_64/imt_sdk_win_64/winavr/bin/../lib/gcc/avr/4.3.3/avr5\libgcc.a(_mul_sf.o)
 .debug_aranges
                0x00000060       0x20 e:/iti embedd sys/02- avr interfacing/000-tools/01- imt sdk-20230731t064320z-001/01- imt sdk/imt_sdk_win_64/imt_sdk_win_64/winavr/bin/../lib/gcc/avr/4.3.3/avr5\libgcc.a(_div_sf.o)
 .debug_aranges
                0x00000080       0x20 e:/iti embedd sys/02- avr interfacing/000-tools/01- imt sdk-20230731t064320z-001/01- imt sdk/imt_sdk_win_64/imt_sdk_win_64/winavr/bin/../lib/gcc/avr/4.3.3/avr5\libgcc.a(_gt_sf.o)
 .debug_aranges
                0x000000a0       0x20 e:/iti embedd sys/02- avr interfacing/000-tools/01- imt sdk-20230731t064320z-001/01- imt sdk/imt_sdk_win_64/imt_sdk_win_64/winavr/bin/../lib/gcc/avr/4.3.3/avr5\libgcc.a(_ge_sf.o)
 .debug_aranges
                0x000000c0       0x20 e:/iti embedd sys/02- avr interfacing/000-tools/01- imt sdk-20230731t064320z-001/01- imt sdk/imt_sdk_win_64/imt_sdk_win_64/winavr/bin/../lib/gcc/avr/4.3.3/avr5\libgcc.a(_lt_sf.o)
 .debug_aranges
                0x000000e0       0x20 e:/iti embedd sys/02- avr interfacing/000-tools/01- imt sdk-20230731t064320z-001/01- imt sdk/imt_sdk_win_64/imt_sdk_win_64/winavr/bin/../lib/gcc/avr/4.3.3/avr5\libgcc.a(_si_to_sf.o)
 .debug_aranges
                0x00000100       0x20 e:/iti embedd sys/02- avr interfacing/000-tools/01- imt sdk-20230731t064320z-001/01- imt sdk/imt_sdk_win_64/imt_sdk_win_64/winavr/bin/../lib/gcc/avr/4.3.3/avr5\libgcc.a(_sf_to_si.o)
 .debug_aranges
                0x00000120       0x20 e:/iti embedd sys/02- avr interfacing/000-tools/01- imt sdk-20230731t064320z-001/01- imt sdk/imt_sdk_win_64/imt_sdk_win_64/winavr/bin/../lib/gcc/avr/4.3.3/avr5\libgcc.a(_usi_to_sf.o)
 .debug_aranges
                0x00000140       0x20 e:/iti embedd sys/02- avr interfacing/000-tools/01- imt sdk-20230731t064320z-001/01- imt sdk/imt_sdk_win_64/imt_sdk_win_64/winavr/bin/../lib/gcc/avr/4.3.3/avr5\libgcc.a(_clzsi2.o)
 .debug_aranges
                0x00000160       0x20 e:/iti embedd sys/02- avr interfacing/000-tools/01- imt sdk-20230731t064320z-001/01- imt sdk/imt_sdk_win_64/imt_sdk_win_64/winavr/bin/../lib/gcc/avr/4.3.3/avr5\libgcc.a(_pack_sf.o)
 .debug_aranges
                0x00000180       0x20 e:/iti embedd sys/02- avr interfacing/000-tools/01- imt sdk-20230731t064320z-001/01- imt sdk/imt_sdk_win_64/imt_sdk_win_64/winavr/bin/../lib/gcc/avr/4.3.3/avr5\libgcc.a(_unpack_sf.o)
 .debug_aranges
                0x000001a0       0x20 e:/iti embedd sys/02- avr interfacing/000-tools/01- imt sdk-20230731t064320z-001/01- imt sdk/imt_sdk_win_64/imt_sdk_win_64/winavr/bin/../lib/gcc/avr/4.3.3/avr5\libgcc.a(_fpcmp_parts_sf.o)

.debug_pubnames
                0x00000000      0x214
 *(.debug_pubnames)
 .debug_pubnames
                0x00000000       0x23 e:/iti embedd sys/02- avr interfacing/000-tools/01- imt sdk-20230731t064320z-001/01- imt sdk/imt_sdk_win_64/imt_sdk_win_64/winavr/bin/../lib/gcc/avr/4.3.3/avr5\libgcc.a(_fixunssfsi.o)
 .debug_pubnames
                0x00000023       0x2c e:/iti embedd sys/02- avr interfacing/000-tools/01- imt sdk-20230731t064320z-001/01- imt sdk/imt_sdk_win_64/imt_sdk_win_64/winavr/bin/../lib/gcc/avr/4.3.3/avr5\libgcc.a(_addsub_sf.o)
 .debug_pubnames
                0x0000004f       0x1f e:/iti embedd sys/02- avr interfacing/000-tools/01- imt sdk-20230731t064320z-001/01- imt sdk/imt_sdk_win_64/imt_sdk_win_64/winavr/bin/../lib/gcc/avr/4.3.3/avr5\libgcc.a(_mul_sf.o)
 .debug_pubnames
                0x0000006e       0x1f e:/iti embedd sys/02- avr interfacing/000-tools/01- imt sdk-20230731t064320z-001/01- imt sdk/imt_sdk_win_64/imt_sdk_win_64/winavr/bin/../lib/gcc/avr/4.3.3/avr5\libgcc.a(_div_sf.o)
 .debug_pubnames
                0x0000008d       0x1e e:/iti embedd sys/02- avr interfacing/000-tools/01- imt sdk-20230731t064320z-001/01- imt sdk/imt_sdk_win_64/imt_sdk_win_64/winavr/bin/../lib/gcc/avr/4.3.3/avr5\libgcc.a(_gt_sf.o)
 .debug_pubnames
                0x000000ab       0x1e e:/iti embedd sys/02- avr interfacing/000-tools/01- imt sdk-20230731t064320z-001/01- imt sdk/imt_sdk_win_64/imt_sdk_win_64/winavr/bin/../lib/gcc/avr/4.3.3/avr5\libgcc.a(_ge_sf.o)
 .debug_pubnames
                0x000000c9       0x1e e:/iti embedd sys/02- avr interfacing/000-tools/01- imt sdk-20230731t064320z-001/01- imt sdk/imt_sdk_win_64/imt_sdk_win_64/winavr/bin/../lib/gcc/avr/4.3.3/avr5\libgcc.a(_lt_sf.o)
 .debug_pubnames
                0x000000e7       0x22 e:/iti embedd sys/02- avr interfacing/000-tools/01- imt sdk-20230731t064320z-001/01- imt sdk/imt_sdk_win_64/imt_sdk_win_64/winavr/bin/../lib/gcc/avr/4.3.3/avr5\libgcc.a(_si_to_sf.o)
 .debug_pubnames
                0x00000109       0x20 e:/iti embedd sys/02- avr interfacing/000-tools/01- imt sdk-20230731t064320z-001/01- imt sdk/imt_sdk_win_64/imt_sdk_win_64/winavr/bin/../lib/gcc/avr/4.3.3/avr5\libgcc.a(_sf_to_si.o)
 .debug_pubnames
                0x00000129       0x22 e:/iti embedd sys/02- avr interfacing/000-tools/01- imt sdk-20230731t064320z-001/01- imt sdk/imt_sdk_win_64/imt_sdk_win_64/winavr/bin/../lib/gcc/avr/4.3.3/avr5\libgcc.a(_thenan_sf.o)
 .debug_pubnames
                0x0000014b       0x24 e:/iti embedd sys/02- avr interfacing/000-tools/01- imt sdk-20230731t064320z-001/01- imt sdk/imt_sdk_win_64/imt_sdk_win_64/winavr/bin/../lib/gcc/avr/4.3.3/avr5\libgcc.a(_usi_to_sf.o)
 .debug_pubnames
                0x0000016f       0x1f e:/iti embedd sys/02- avr interfacing/000-tools/01- imt sdk-20230731t064320z-001/01- imt sdk/imt_sdk_win_64/imt_sdk_win_64/winavr/bin/../lib/gcc/avr/4.3.3/avr5\libgcc.a(_clzsi2.o)
 .debug_pubnames
                0x0000018e       0x1f e:/iti embedd sys/02- avr interfacing/000-tools/01- imt sdk-20230731t064320z-001/01- imt sdk/imt_sdk_win_64/imt_sdk_win_64/winavr/bin/../lib/gcc/avr/4.3.3/avr5\libgcc.a(_pack_sf.o)
 .debug_pubnames
                0x000001ad       0x21 e:/iti embedd sys/02- avr interfacing/000-tools/01- imt sdk-20230731t064320z-001/01- imt sdk/imt_sdk_win_64/imt_sdk_win_64/winavr/bin/../lib/gcc/avr/4.3.3/avr5\libgcc.a(_unpack_sf.o)
 .debug_pubnames
                0x000001ce       0x26 e:/iti embedd sys/02- avr interfacing/000-tools/01- imt sdk-20230731t064320z-001/01- imt sdk/imt_sdk_win_64/imt_sdk_win_64/winavr/bin/../lib/gcc/avr/4.3.3/avr5\libgcc.a(_fpcmp_parts_sf.o)
 .debug_pubnames
                0x000001f4       0x20 e:/iti embedd sys/02- avr interfacing/000-tools/01- imt sdk-20230731t064320z-001/01- imt sdk/imt_sdk_win_64/imt_sdk_win_64/winavr/bin/../lib/gcc/avr/4.3.3/avr5\libgcc.a(_clz.o)

.debug_info     0x00000000     0x2612
 *(.debug_info)
 .debug_info    0x00000000       0xb1 e:/iti embedd sys/02- avr interfacing/000-tools/01- imt sdk-20230731t064320z-001/01- imt sdk/imt_sdk_win_64/imt_sdk_win_64/winavr/bin/../lib/gcc/avr/4.3.3/avr5\libgcc.a(_fixunssfsi.o)
 .debug_info    0x000000b1      0x47a e:/iti embedd sys/02- avr interfacing/000-tools/01- imt sdk-20230731t064320z-001/01- imt sdk/imt_sdk_win_64/imt_sdk_win_64/winavr/bin/../lib/gcc/avr/4.3.3/avr5\libgcc.a(_addsub_sf.o)
 .debug_info    0x0000052b      0x485 e:/iti embedd sys/02- avr interfacing/000-tools/01- imt sdk-20230731t064320z-001/01- imt sdk/imt_sdk_win_64/imt_sdk_win_64/winavr/bin/../lib/gcc/avr/4.3.3/avr5\libgcc.a(_mul_sf.o)
 .debug_info    0x000009b0      0x3fc e:/iti embedd sys/02- avr interfacing/000-tools/01- imt sdk-20230731t064320z-001/01- imt sdk/imt_sdk_win_64/imt_sdk_win_64/winavr/bin/../lib/gcc/avr/4.3.3/avr5\libgcc.a(_div_sf.o)
 .debug_info    0x00000dac      0x27f e:/iti embedd sys/02- avr interfacing/000-tools/01- imt sdk-20230731t064320z-001/01- imt sdk/imt_sdk_win_64/imt_sdk_win_64/winavr/bin/../lib/gcc/avr/4.3.3/avr5\libgcc.a(_gt_sf.o)
 .debug_info    0x0000102b      0x27f e:/iti embedd sys/02- avr interfacing/000-tools/01- imt sdk-20230731t064320z-001/01- imt sdk/imt_sdk_win_64/imt_sdk_win_64/winavr/bin/../lib/gcc/avr/4.3.3/avr5\libgcc.a(_ge_sf.o)
 .debug_info    0x000012aa      0x27f e:/iti embedd sys/02- avr interfacing/000-tools/01- imt sdk-20230731t064320z-001/01- imt sdk/imt_sdk_win_64/imt_sdk_win_64/winavr/bin/../lib/gcc/avr/4.3.3/avr5\libgcc.a(_lt_sf.o)
 .debug_info    0x00001529      0x207 e:/iti embedd sys/02- avr interfacing/000-tools/01- imt sdk-20230731t064320z-001/01- imt sdk/imt_sdk_win_64/imt_sdk_win_64/winavr/bin/../lib/gcc/avr/4.3.3/avr5\libgcc.a(_si_to_sf.o)
 .debug_info    0x00001730      0x2b0 e:/iti embedd sys/02- avr interfacing/000-tools/01- imt sdk-20230731t064320z-001/01- imt sdk/imt_sdk_win_64/imt_sdk_win_64/winavr/bin/../lib/gcc/avr/4.3.3/avr5\libgcc.a(_sf_to_si.o)
 .debug_info    0x000019e0      0x12c e:/iti embedd sys/02- avr interfacing/000-tools/01- imt sdk-20230731t064320z-001/01- imt sdk/imt_sdk_win_64/imt_sdk_win_64/winavr/bin/../lib/gcc/avr/4.3.3/avr5\libgcc.a(_thenan_sf.o)
 .debug_info    0x00001b0c      0x206 e:/iti embedd sys/02- avr interfacing/000-tools/01- imt sdk-20230731t064320z-001/01- imt sdk/imt_sdk_win_64/imt_sdk_win_64/winavr/bin/../lib/gcc/avr/4.3.3/avr5\libgcc.a(_usi_to_sf.o)
 .debug_info    0x00001d12      0x117 e:/iti embedd sys/02- avr interfacing/000-tools/01- imt sdk-20230731t064320z-001/01- imt sdk/imt_sdk_win_64/imt_sdk_win_64/winavr/bin/../lib/gcc/avr/4.3.3/avr5\libgcc.a(_clzsi2.o)
 .debug_info    0x00001e29      0x2df e:/iti embedd sys/02- avr interfacing/000-tools/01- imt sdk-20230731t064320z-001/01- imt sdk/imt_sdk_win_64/imt_sdk_win_64/winavr/bin/../lib/gcc/avr/4.3.3/avr5\libgcc.a(_pack_sf.o)
 .debug_info    0x00002108      0x251 e:/iti embedd sys/02- avr interfacing/000-tools/01- imt sdk-20230731t064320z-001/01- imt sdk/imt_sdk_win_64/imt_sdk_win_64/winavr/bin/../lib/gcc/avr/4.3.3/avr5\libgcc.a(_unpack_sf.o)
 .debug_info    0x00002359      0x210 e:/iti embedd sys/02- avr interfacing/000-tools/01- imt sdk-20230731t064320z-001/01- imt sdk/imt_sdk_win_64/imt_sdk_win_64/winavr/bin/../lib/gcc/avr/4.3.3/avr5\libgcc.a(_fpcmp_parts_sf.o)
 .debug_info    0x00002569       0xa9 e:/iti embedd sys/02- avr interfacing/000-tools/01- imt sdk-20230731t064320z-001/01- imt sdk/imt_sdk_win_64/imt_sdk_win_64/winavr/bin/../lib/gcc/avr/4.3.3/avr5\libgcc.a(_clz.o)
 *(.gnu.linkonce.wi.*)

.debug_abbrev   0x00000000     0x14ce
 *(.debug_abbrev)
 .debug_abbrev  0x00000000       0x5d e:/iti embedd sys/02- avr interfacing/000-tools/01- imt sdk-20230731t064320z-001/01- imt sdk/imt_sdk_win_64/imt_sdk_win_64/winavr/bin/../lib/gcc/avr/4.3.3/avr5\libgcc.a(_fixunssfsi.o)
 .debug_abbrev  0x0000005d      0x1ea e:/iti embedd sys/02- avr interfacing/000-tools/01- imt sdk-20230731t064320z-001/01- imt sdk/imt_sdk_win_64/imt_sdk_win_64/winavr/bin/../lib/gcc/avr/4.3.3/avr5\libgcc.a(_addsub_sf.o)
 .debug_abbrev  0x00000247      0x21b e:/iti embedd sys/02- avr interfacing/000-tools/01- imt sdk-20230731t064320z-001/01- imt sdk/imt_sdk_win_64/imt_sdk_win_64/winavr/bin/../lib/gcc/avr/4.3.3/avr5\libgcc.a(_mul_sf.o)
 .debug_abbrev  0x00000462      0x216 e:/iti embedd sys/02- avr interfacing/000-tools/01- imt sdk-20230731t064320z-001/01- imt sdk/imt_sdk_win_64/imt_sdk_win_64/winavr/bin/../lib/gcc/avr/4.3.3/avr5\libgcc.a(_div_sf.o)
 .debug_abbrev  0x00000678      0x15a e:/iti embedd sys/02- avr interfacing/000-tools/01- imt sdk-20230731t064320z-001/01- imt sdk/imt_sdk_win_64/imt_sdk_win_64/winavr/bin/../lib/gcc/avr/4.3.3/avr5\libgcc.a(_gt_sf.o)
 .debug_abbrev  0x000007d2      0x15a e:/iti embedd sys/02- avr interfacing/000-tools/01- imt sdk-20230731t064320z-001/01- imt sdk/imt_sdk_win_64/imt_sdk_win_64/winavr/bin/../lib/gcc/avr/4.3.3/avr5\libgcc.a(_ge_sf.o)
 .debug_abbrev  0x0000092c      0x15a e:/iti embedd sys/02- avr interfacing/000-tools/01- imt sdk-20230731t064320z-001/01- imt sdk/imt_sdk_win_64/imt_sdk_win_64/winavr/bin/../lib/gcc/avr/4.3.3/avr5\libgcc.a(_lt_sf.o)
 .debug_abbrev  0x00000a86      0x148 e:/iti embedd sys/02- avr interfacing/000-tools/01- imt sdk-20230731t064320z-001/01- imt sdk/imt_sdk_win_64/imt_sdk_win_64/winavr/bin/../lib/gcc/avr/4.3.3/avr5\libgcc.a(_si_to_sf.o)
 .debug_abbrev  0x00000bce      0x17f e:/iti embedd sys/02- avr interfacing/000-tools/01- imt sdk-20230731t064320z-001/01- imt sdk/imt_sdk_win_64/imt_sdk_win_64/winavr/bin/../lib/gcc/avr/4.3.3/avr5\libgcc.a(_sf_to_si.o)
 .debug_abbrev  0x00000d4d       0xad e:/iti embedd sys/02- avr interfacing/000-tools/01- imt sdk-20230731t064320z-001/01- imt sdk/imt_sdk_win_64/imt_sdk_win_64/winavr/bin/../lib/gcc/avr/4.3.3/avr5\libgcc.a(_thenan_sf.o)
 .debug_abbrev  0x00000dfa      0x157 e:/iti embedd sys/02- avr interfacing/000-tools/01- imt sdk-20230731t064320z-001/01- imt sdk/imt_sdk_win_64/imt_sdk_win_64/winavr/bin/../lib/gcc/avr/4.3.3/avr5\libgcc.a(_usi_to_sf.o)
 .debug_abbrev  0x00000f51       0xc4 e:/iti embedd sys/02- avr interfacing/000-tools/01- imt sdk-20230731t064320z-001/01- imt sdk/imt_sdk_win_64/imt_sdk_win_64/winavr/bin/../lib/gcc/avr/4.3.3/avr5\libgcc.a(_clzsi2.o)
 .debug_abbrev  0x00001015      0x1c0 e:/iti embedd sys/02- avr interfacing/000-tools/01- imt sdk-20230731t064320z-001/01- imt sdk/imt_sdk_win_64/imt_sdk_win_64/winavr/bin/../lib/gcc/avr/4.3.3/avr5\libgcc.a(_pack_sf.o)
 .debug_abbrev  0x000011d5      0x154 e:/iti embedd sys/02- avr interfacing/000-tools/01- imt sdk-20230731t064320z-001/01- imt sdk/imt_sdk_win_64/imt_sdk_win_64/winavr/bin/../lib/gcc/avr/4.3.3/avr5\libgcc.a(_unpack_sf.o)
 .debug_abbrev  0x00001329      0x13b e:/iti embedd sys/02- avr interfacing/000-tools/01- imt sdk-20230731t064320z-001/01- imt sdk/imt_sdk_win_64/imt_sdk_win_64/winavr/bin/../lib/gcc/avr/4.3.3/avr5\libgcc.a(_fpcmp_parts_sf.o)
 .debug_abbrev  0x00001464       0x6a e:/iti embedd sys/02- avr interfacing/000-tools/01- imt sdk-20230731t064320z-001/01- imt sdk/imt_sdk_win_64/imt_sdk_win_64/winavr/bin/../lib/gcc/avr/4.3.3/avr5\libgcc.a(_clz.o)

.debug_line     0x00000000     0x130b
 *(.debug_line)
 .debug_line    0x00000000       0xa7 e:/iti embedd sys/02- avr interfacing/000-tools/01- imt sdk-20230731t064320z-001/01- imt sdk/imt_sdk_win_64/imt_sdk_win_64/winavr/bin/../lib/gcc/avr/4.3.3/avr5\libgcc.a(_fixunssfsi.o)
 .debug_line    0x000000a7      0x2af e:/iti embedd sys/02- avr interfacing/000-tools/01- imt sdk-20230731t064320z-001/01- imt sdk/imt_sdk_win_64/imt_sdk_win_64/winavr/bin/../lib/gcc/avr/4.3.3/avr5\libgcc.a(_addsub_sf.o)
 .debug_line    0x00000356      0x239 e:/iti embedd sys/02- avr interfacing/000-tools/01- imt sdk-20230731t064320z-001/01- imt sdk/imt_sdk_win_64/imt_sdk_win_64/winavr/bin/../lib/gcc/avr/4.3.3/avr5\libgcc.a(_mul_sf.o)
 .debug_line    0x0000058f      0x1d5 e:/iti embedd sys/02- avr interfacing/000-tools/01- imt sdk-20230731t064320z-001/01- imt sdk/imt_sdk_win_64/imt_sdk_win_64/winavr/bin/../lib/gcc/avr/4.3.3/avr5\libgcc.a(_div_sf.o)
 .debug_line    0x00000764       0xd3 e:/iti embedd sys/02- avr interfacing/000-tools/01- imt sdk-20230731t064320z-001/01- imt sdk/imt_sdk_win_64/imt_sdk_win_64/winavr/bin/../lib/gcc/avr/4.3.3/avr5\libgcc.a(_gt_sf.o)
 .debug_line    0x00000837       0xd3 e:/iti embedd sys/02- avr interfacing/000-tools/01- imt sdk-20230731t064320z-001/01- imt sdk/imt_sdk_win_64/imt_sdk_win_64/winavr/bin/../lib/gcc/avr/4.3.3/avr5\libgcc.a(_ge_sf.o)
 .debug_line    0x0000090a       0xd3 e:/iti embedd sys/02- avr interfacing/000-tools/01- imt sdk-20230731t064320z-001/01- imt sdk/imt_sdk_win_64/imt_sdk_win_64/winavr/bin/../lib/gcc/avr/4.3.3/avr5\libgcc.a(_lt_sf.o)
 .debug_line    0x000009dd      0x135 e:/iti embedd sys/02- avr interfacing/000-tools/01- imt sdk-20230731t064320z-001/01- imt sdk/imt_sdk_win_64/imt_sdk_win_64/winavr/bin/../lib/gcc/avr/4.3.3/avr5\libgcc.a(_si_to_sf.o)
 .debug_line    0x00000b12      0x109 e:/iti embedd sys/02- avr interfacing/000-tools/01- imt sdk-20230731t064320z-001/01- imt sdk/imt_sdk_win_64/imt_sdk_win_64/winavr/bin/../lib/gcc/avr/4.3.3/avr5\libgcc.a(_sf_to_si.o)
 .debug_line    0x00000c1b       0x90 e:/iti embedd sys/02- avr interfacing/000-tools/01- imt sdk-20230731t064320z-001/01- imt sdk/imt_sdk_win_64/imt_sdk_win_64/winavr/bin/../lib/gcc/avr/4.3.3/avr5\libgcc.a(_thenan_sf.o)
 .debug_line    0x00000cab      0x133 e:/iti embedd sys/02- avr interfacing/000-tools/01- imt sdk-20230731t064320z-001/01- imt sdk/imt_sdk_win_64/imt_sdk_win_64/winavr/bin/../lib/gcc/avr/4.3.3/avr5\libgcc.a(_usi_to_sf.o)
 .debug_line    0x00000dde       0xa5 e:/iti embedd sys/02- avr interfacing/000-tools/01- imt sdk-20230731t064320z-001/01- imt sdk/imt_sdk_win_64/imt_sdk_win_64/winavr/bin/../lib/gcc/avr/4.3.3/avr5\libgcc.a(_clzsi2.o)
 .debug_line    0x00000e83      0x18a e:/iti embedd sys/02- avr interfacing/000-tools/01- imt sdk-20230731t064320z-001/01- imt sdk/imt_sdk_win_64/imt_sdk_win_64/winavr/bin/../lib/gcc/avr/4.3.3/avr5\libgcc.a(_pack_sf.o)
 .debug_line    0x0000100d      0x14b e:/iti embedd sys/02- avr interfacing/000-tools/01- imt sdk-20230731t064320z-001/01- imt sdk/imt_sdk_win_64/imt_sdk_win_64/winavr/bin/../lib/gcc/avr/4.3.3/avr5\libgcc.a(_unpack_sf.o)
 .debug_line    0x00001158      0x137 e:/iti embedd sys/02- avr interfacing/000-tools/01- imt sdk-20230731t064320z-001/01- imt sdk/imt_sdk_win_64/imt_sdk_win_64/winavr/bin/../lib/gcc/avr/4.3.3/avr5\libgcc.a(_fpcmp_parts_sf.o)
 .debug_line    0x0000128f       0x7c e:/iti embedd sys/02- avr interfacing/000-tools/01- imt sdk-20230731t064320z-001/01- imt sdk/imt_sdk_win_64/imt_sdk_win_64/winavr/bin/../lib/gcc/avr/4.3.3/avr5\libgcc.a(_clz.o)

.debug_frame    0x00000000      0x1e0
 *(.debug_frame)
 .debug_frame   0x00000000       0x20 e:/iti embedd sys/02- avr interfacing/000-tools/01- imt sdk-20230731t064320z-001/01- imt sdk/imt_sdk_win_64/imt_sdk_win_64/winavr/bin/../lib/gcc/avr/4.3.3/avr5\libgcc.a(_fixunssfsi.o)
 .debug_frame   0x00000020       0x40 e:/iti embedd sys/02- avr interfacing/000-tools/01- imt sdk-20230731t064320z-001/01- imt sdk/imt_sdk_win_64/imt_sdk_win_64/winavr/bin/../lib/gcc/avr/4.3.3/avr5\libgcc.a(_addsub_sf.o)
 .debug_frame   0x00000060       0x20 e:/iti embedd sys/02- avr interfacing/000-tools/01- imt sdk-20230731t064320z-001/01- imt sdk/imt_sdk_win_64/imt_sdk_win_64/winavr/bin/../lib/gcc/avr/4.3.3/avr5\libgcc.a(_mul_sf.o)
 .debug_frame   0x00000080       0x20 e:/iti embedd sys/02- avr interfacing/000-tools/01- imt sdk-20230731t064320z-001/01- imt sdk/imt_sdk_win_64/imt_sdk_win_64/winavr/bin/../lib/gcc/avr/4.3.3/avr5\libgcc.a(_div_sf.o)
 .debug_frame   0x000000a0       0x20 e:/iti embedd sys/02- avr interfacing/000-tools/01- imt sdk-20230731t064320z-001/01- imt sdk/imt_sdk_win_64/imt_sdk_win_64/winavr/bin/../lib/gcc/avr/4.3.3/avr5\libgcc.a(_gt_sf.o)
 .debug_frame   0x000000c0       0x20 e:/iti embedd sys/02- avr interfacing/000-tools/01- imt sdk-20230731t064320z-001/01- imt sdk/imt_sdk_win_64/imt_sdk_win_64/winavr/bin/../lib/gcc/avr/4.3.3/avr5\libgcc.a(_ge_sf.o)
 .debug_frame   0x000000e0       0x20 e:/iti embedd sys/02- avr interfacing/000-tools/01- imt sdk-20230731t064320z-001/01- imt sdk/imt_sdk_win_64/imt_sdk_win_64/winavr/bin/../lib/gcc/avr/4.3.3/avr5\libgcc.a(_lt_sf.o)
 .debug_frame   0x00000100       0x20 e:/iti embedd sys/02- avr interfacing/000-tools/01- imt sdk-20230731t064320z-001/01- imt sdk/imt_sdk_win_64/imt_sdk_win_64/winavr/bin/../lib/gcc/avr/4.3.3/avr5\libgcc.a(_si_to_sf.o)
 .debug_frame   0x00000120       0x20 e:/iti embedd sys/02- avr interfacing/000-tools/01- imt sdk-20230731t064320z-001/01- imt sdk/imt_sdk_win_64/imt_sdk_win_64/winavr/bin/../lib/gcc/avr/4.3.3/avr5\libgcc.a(_sf_to_si.o)
 .debug_frame   0x00000140       0x20 e:/iti embedd sys/02- avr interfacing/000-tools/01- imt sdk-20230731t064320z-001/01- imt sdk/imt_sdk_win_64/imt_sdk_win_64/winavr/bin/../lib/gcc/avr/4.3.3/avr5\libgcc.a(_usi_to_sf.o)
 .debug_frame   0x00000160       0x20 e:/iti embedd sys/02- avr interfacing/000-tools/01- imt sdk-20230731t064320z-001/01- imt sdk/imt_sdk_win_64/imt_sdk_win_64/winavr/bin/../lib/gcc/avr/4.3.3/avr5\libgcc.a(_clzsi2.o)
 .debug_frame   0x00000180       0x20 e:/iti embedd sys/02- avr interfacing/000-tools/01- imt sdk-20230731t064320z-001/01- imt sdk/imt_sdk_win_64/imt_sdk_win_64/winavr/bin/../lib/gcc/avr/4.3.3/avr5\libgcc.a(_pack_sf.o)
 .debug_frame   0x000001a0       0x20 e:/iti embedd sys/02- avr interfacing/000-tools/01- imt sdk-20230731t064320z-001/01- imt sdk/imt_sdk_win_64/imt_sdk_win_64/winavr/bin/../lib/gcc/avr/4.3.3/avr5\libgcc.a(_unpack_sf.o)
 .debug_frame   0x000001c0       0x20 e:/iti embedd sys/02- avr interfacing/000-tools/01- imt sdk-20230731t064320z-001/01- imt sdk/imt_sdk_win_64/imt_sdk_win_64/winavr/bin/../lib/gcc/avr/4.3.3/avr5\libgcc.a(_fpcmp_parts_sf.o)

.debug_str      0x00000000      0x307
 *(.debug_str)
 .debug_str     0x00000000       0xbf e:/iti embedd sys/02- avr interfacing/000-tools/01- imt sdk-20230731t064320z-001/01- imt sdk/imt_sdk_win_64/imt_sdk_win_64/winavr/bin/../lib/gcc/avr/4.3.3/avr5\libgcc.a(_fixunssfsi.o)
                                 0xfe (size before relaxing)
 .debug_str     0x000000bf      0x14d e:/iti embedd sys/02- avr interfacing/000-tools/01- imt sdk-20230731t064320z-001/01- imt sdk/imt_sdk_win_64/imt_sdk_win_64/winavr/bin/../lib/gcc/avr/4.3.3/avr5\libgcc.a(_addsub_sf.o)
                                0x206 (size before relaxing)
 .debug_str     0x0000020c       0x27 e:/iti embedd sys/02- avr interfacing/000-tools/01- imt sdk-20230731t064320z-001/01- imt sdk/imt_sdk_win_64/imt_sdk_win_64/winavr/bin/../lib/gcc/avr/4.3.3/avr5\libgcc.a(_mul_sf.o)
                                0x1bf (size before relaxing)
 .debug_str     0x00000233       0x35 e:/iti embedd sys/02- avr interfacing/000-tools/01- imt sdk-20230731t064320z-001/01- imt sdk/imt_sdk_win_64/imt_sdk_win_64/winavr/bin/../lib/gcc/avr/4.3.3/avr5\libgcc.a(_div_sf.o)
                                0x1c8 (size before relaxing)
 .debug_str     0x00000268        0x8 e:/iti embedd sys/02- avr interfacing/000-tools/01- imt sdk-20230731t064320z-001/01- imt sdk/imt_sdk_win_64/imt_sdk_win_64/winavr/bin/../lib/gcc/avr/4.3.3/avr5\libgcc.a(_gt_sf.o)
                                0x195 (size before relaxing)
 .debug_str     0x00000270        0x8 e:/iti embedd sys/02- avr interfacing/000-tools/01- imt sdk-20230731t064320z-001/01- imt sdk/imt_sdk_win_64/imt_sdk_win_64/winavr/bin/../lib/gcc/avr/4.3.3/avr5\libgcc.a(_ge_sf.o)
                                0x195 (size before relaxing)
 .debug_str     0x00000278        0x8 e:/iti embedd sys/02- avr interfacing/000-tools/01- imt sdk-20230731t064320z-001/01- imt sdk/imt_sdk_win_64/imt_sdk_win_64/winavr/bin/../lib/gcc/avr/4.3.3/avr5\libgcc.a(_lt_sf.o)
                                0x195 (size before relaxing)
 .debug_str     0x00000280       0x1e e:/iti embedd sys/02- avr interfacing/000-tools/01- imt sdk-20230731t064320z-001/01- imt sdk/imt_sdk_win_64/imt_sdk_win_64/winavr/bin/../lib/gcc/avr/4.3.3/avr5\libgcc.a(_si_to_sf.o)
                                0x17b (size before relaxing)
 .debug_str     0x0000029e        0xa e:/iti embedd sys/02- avr interfacing/000-tools/01- imt sdk-20230731t064320z-001/01- imt sdk/imt_sdk_win_64/imt_sdk_win_64/winavr/bin/../lib/gcc/avr/4.3.3/avr5\libgcc.a(_sf_to_si.o)
                                0x19e (size before relaxing)
 .debug_str     0x00000000      0x103 e:/iti embedd sys/02- avr interfacing/000-tools/01- imt sdk-20230731t064320z-001/01- imt sdk/imt_sdk_win_64/imt_sdk_win_64/winavr/bin/../lib/gcc/avr/4.3.3/avr5\libgcc.a(_thenan_sf.o)
 .debug_str     0x000002a8       0x14 e:/iti embedd sys/02- avr interfacing/000-tools/01- imt sdk-20230731t064320z-001/01- imt sdk/imt_sdk_win_64/imt_sdk_win_64/winavr/bin/../lib/gcc/avr/4.3.3/avr5\libgcc.a(_usi_to_sf.o)
                                0x177 (size before relaxing)
 .debug_str     0x000002bc       0x20 e:/iti embedd sys/02- avr interfacing/000-tools/01- imt sdk-20230731t064320z-001/01- imt sdk/imt_sdk_win_64/imt_sdk_win_64/winavr/bin/../lib/gcc/avr/4.3.3/avr5\libgcc.a(_clzsi2.o)
                                0x111 (size before relaxing)
 .debug_str     0x000002dc       0x10 e:/iti embedd sys/02- avr interfacing/000-tools/01- imt sdk-20230731t064320z-001/01- imt sdk/imt_sdk_win_64/imt_sdk_win_64/winavr/bin/../lib/gcc/avr/4.3.3/avr5\libgcc.a(_pack_sf.o)
                                0x19d (size before relaxing)
 .debug_str     0x000002ec        0xb e:/iti embedd sys/02- avr interfacing/000-tools/01- imt sdk-20230731t064320z-001/01- imt sdk/imt_sdk_win_64/imt_sdk_win_64/winavr/bin/../lib/gcc/avr/4.3.3/avr5\libgcc.a(_unpack_sf.o)
                                0x17f (size before relaxing)
 .debug_str     0x000002f7       0x10 e:/iti embedd sys/02- avr interfacing/000-tools/01- imt sdk-20230731t064320z-001/01- imt sdk/imt_sdk_win_64/imt_sdk_win_64/winavr/bin/../lib/gcc/avr/4.3.3/avr5\libgcc.a(_fpcmp_parts_sf.o)
                                0x163 (size before relaxing)
 .debug_str     0x00000000       0xf4 e:/iti embedd sys/02- avr interfacing/000-tools/01- imt sdk-20230731t064320z-001/01- imt sdk/imt_sdk_win_64/imt_sdk_win_64/winavr/bin/../lib/gcc/avr/4.3.3/avr5\libgcc.a(_clz.o)

.debug_loc      0x00000000      0xa1a
 *(.debug_loc)
 .debug_loc     0x00000000       0x34 e:/iti embedd sys/02- avr interfacing/000-tools/01- imt sdk-20230731t064320z-001/01- imt sdk/imt_sdk_win_64/imt_sdk_win_64/winavr/bin/../lib/gcc/avr/4.3.3/avr5\libgcc.a(_fixunssfsi.o)
 .debug_loc     0x00000034      0x32a e:/iti embedd sys/02- avr interfacing/000-tools/01- imt sdk-20230731t064320z-001/01- imt sdk/imt_sdk_win_64/imt_sdk_win_64/winavr/bin/../lib/gcc/avr/4.3.3/avr5\libgcc.a(_addsub_sf.o)
 .debug_loc     0x0000035e      0x104 e:/iti embedd sys/02- avr interfacing/000-tools/01- imt sdk-20230731t064320z-001/01- imt sdk/imt_sdk_win_64/imt_sdk_win_64/winavr/bin/../lib/gcc/avr/4.3.3/avr5\libgcc.a(_mul_sf.o)
 .debug_loc     0x00000462       0xc0 e:/iti embedd sys/02- avr interfacing/000-tools/01- imt sdk-20230731t064320z-001/01- imt sdk/imt_sdk_win_64/imt_sdk_win_64/winavr/bin/../lib/gcc/avr/4.3.3/avr5\libgcc.a(_div_sf.o)
 .debug_loc     0x00000522       0x3c e:/iti embedd sys/02- avr interfacing/000-tools/01- imt sdk-20230731t064320z-001/01- imt sdk/imt_sdk_win_64/imt_sdk_win_64/winavr/bin/../lib/gcc/avr/4.3.3/avr5\libgcc.a(_gt_sf.o)
 .debug_loc     0x0000055e       0x3c e:/iti embedd sys/02- avr interfacing/000-tools/01- imt sdk-20230731t064320z-001/01- imt sdk/imt_sdk_win_64/imt_sdk_win_64/winavr/bin/../lib/gcc/avr/4.3.3/avr5\libgcc.a(_ge_sf.o)
 .debug_loc     0x0000059a       0x3c e:/iti embedd sys/02- avr interfacing/000-tools/01- imt sdk-20230731t064320z-001/01- imt sdk/imt_sdk_win_64/imt_sdk_win_64/winavr/bin/../lib/gcc/avr/4.3.3/avr5\libgcc.a(_lt_sf.o)
 .debug_loc     0x000005d6       0xac e:/iti embedd sys/02- avr interfacing/000-tools/01- imt sdk-20230731t064320z-001/01- imt sdk/imt_sdk_win_64/imt_sdk_win_64/winavr/bin/../lib/gcc/avr/4.3.3/avr5\libgcc.a(_si_to_sf.o)
 .debug_loc     0x00000682       0x7e e:/iti embedd sys/02- avr interfacing/000-tools/01- imt sdk-20230731t064320z-001/01- imt sdk/imt_sdk_win_64/imt_sdk_win_64/winavr/bin/../lib/gcc/avr/4.3.3/avr5\libgcc.a(_sf_to_si.o)
 .debug_loc     0x00000700       0x4c e:/iti embedd sys/02- avr interfacing/000-tools/01- imt sdk-20230731t064320z-001/01- imt sdk/imt_sdk_win_64/imt_sdk_win_64/winavr/bin/../lib/gcc/avr/4.3.3/avr5\libgcc.a(_usi_to_sf.o)
 .debug_loc     0x0000074c       0x94 e:/iti embedd sys/02- avr interfacing/000-tools/01- imt sdk-20230731t064320z-001/01- imt sdk/imt_sdk_win_64/imt_sdk_win_64/winavr/bin/../lib/gcc/avr/4.3.3/avr5\libgcc.a(_clzsi2.o)
 .debug_loc     0x000007e0      0x13e e:/iti embedd sys/02- avr interfacing/000-tools/01- imt sdk-20230731t064320z-001/01- imt sdk/imt_sdk_win_64/imt_sdk_win_64/winavr/bin/../lib/gcc/avr/4.3.3/avr5\libgcc.a(_pack_sf.o)
 .debug_loc     0x0000091e       0xac e:/iti embedd sys/02- avr interfacing/000-tools/01- imt sdk-20230731t064320z-001/01- imt sdk/imt_sdk_win_64/imt_sdk_win_64/winavr/bin/../lib/gcc/avr/4.3.3/avr5\libgcc.a(_unpack_sf.o)
 .debug_loc     0x000009ca       0x50 e:/iti embedd sys/02- avr interfacing/000-tools/01- imt sdk-20230731t064320z-001/01- imt sdk/imt_sdk_win_64/imt_sdk_win_64/winavr/bin/../lib/gcc/avr/4.3.3/avr5\libgcc.a(_fpcmp_parts_sf.o)

.debug_macinfo
 *(.debug_macinfo)
OUTPUT(0033_Smart_Home_Master.elf elf32-avr)
LOAD linker stubs

.debug_ranges   0x00000000       0x50
 .debug_ranges  0x00000000       0x50 e:/iti embedd sys/02- avr interfacing/000-tools/01- imt sdk-20230731t064320z-001/01- imt sdk/imt_sdk_win_64/imt_sdk_win_64/winavr/bin/../lib/gcc/avr/4.3.3/avr5\libgcc.a(_mul_sf.o)
